Component: ARM Compiler 5.06 update 7 (build 960) Tool: armlink [4d3601]

==============================================================================

Section Cross References

    elab_assert.o(i._assert) refers to printfa.o(i.__0printf) for __2printf
    elab_assert.o(i._assert) refers to elab_assert.o(i.elab_assert_func) for elab_assert_func
    elab_common.o(i.elab_free) refers to malloc.o(i.free) for free
    elab_common.o(i.elab_malloc) refers to malloc.o(i.malloc) for malloc
    elab_common.o(i.elab_time_ms) refers to cmsis_os2.o(i.osKernelGetTickCount) for osKernelGetTickCount
    elab_export.o(i._entry_start_poll) refers to elab_export.o(i._init_func_execute) for _init_func_execute
    elab_export.o(i._entry_start_poll) refers to elab_export.o(i._poll_func_execute) for _poll_func_execute
    elab_export.o(i._entry_start_poll) refers to cmsis_os2.o(i.osDelay) for osDelay
    elab_export.o(i._entry_start_poll) refers to elab_export.o(.data) for export_level_max
    elab_export.o(i._get_init_export_table) refers to elab_export.o(elab_export) for init_module_null_init
    elab_export.o(i._get_init_export_table) refers to elab_export.o(.data) for export_init_table
    elab_export.o(i._get_poll_export_table) refers to elab_assert.o(i._assert) for _assert
    elab_export.o(i._get_poll_export_table) refers to elab_common.o(i.elab_time_ms) for elab_time_ms
    elab_export.o(i._get_poll_export_table) refers to elab_export.o(expoll) for poll_module_null_init
    elab_export.o(i._get_poll_export_table) refers to elab_export.o(.data) for export_poll_table
    elab_export.o(i._init_func_execute) refers to printfa.o(i.__0printf) for __2printf
    elab_export.o(i._init_func_execute) refers to elab_export.o(.data) for export_init_table
    elab_export.o(i._poll_func_execute) refers to elab_common.o(i.elab_time_ms) for elab_time_ms
    elab_export.o(i._poll_func_execute) refers to elab_export.o(.data) for export_poll_table
    elab_export.o(i.elab_run) refers to elab_export.o(i._get_init_export_table) for _get_init_export_table
    elab_export.o(i.elab_run) refers to elab_export.o(i._get_poll_export_table) for _get_poll_export_table
    elab_export.o(i.elab_run) refers to cmsis_os2.o(i.osKernelInitialize) for osKernelInitialize
    elab_export.o(i.elab_run) refers to cmsis_os2.o(i.osThreadNew) for osThreadNew
    elab_export.o(i.elab_run) refers to cmsis_os2.o(i.osKernelStart) for osKernelStart
    elab_export.o(i.elab_run) refers to elab_export.o(.constdata) for thread_attr_export_poll
    elab_export.o(i.elab_run) refers to elab_export.o(i._entry_start_poll) for _entry_start_poll
    elab_export.o(i.elab_unit_test) refers to elab_export.o(i._init_func_execute) for _init_func_execute
    elab_export.o(.constdata) refers to elab_export.o(.conststring) for .conststring
    elab_export.o(.data) refers to elab_export.o(.conststring) for .conststring
    elab_export.o(elab_export) refers to elab_export.o(.conststrlit) for .conststrlit
    elab_export.o(elab_export) refers to elab_export.o(i.module_null_init) for module_null_init
    elab_export.o(expoll) refers to elab_export.o(.conststrlit) for .conststrlit
    elab_export.o(expoll) refers to elab_export.o(i.module_null_init) for module_null_init
    elab_export.o(expoll) refers to elab_export.o(.data) for poll_module_null_init_data
    elab_log.o(i._elog_printf) refers to cmsis_os2.o(i.osMutexNew) for osMutexNew
    elab_log.o(i._elog_printf) refers to cmsis_os2.o(i.osMutexAcquire) for osMutexAcquire
    elab_log.o(i._elog_printf) refers to elab_common.o(i.elab_time_ms) for elab_time_ms
    elab_log.o(i._elog_printf) refers to printfa.o(i.__0printf) for __2printf
    elab_log.o(i._elog_printf) refers to printfa.o(i.__0vsnprintf) for vsnprintf
    elab_log.o(i._elog_printf) refers to cmsis_os2.o(i.osMutexRelease) for osMutexRelease
    elab_log.o(i._elog_printf) refers to elab_log.o(.data) for mutex_elog
    elab_log.o(i._elog_printf) refers to elab_log.o(.constdata) for mutex_attr_elog
    elab_log.o(i._elog_printf) refers to elab_log.o(.bss) for _buff
    elab_log.o(i.elog_level_set) refers to elab_log.o(.data) for elog_level
    elab_log.o(i.fputc) refers to elab_uart_debug.o(i.elab_debug_uart_send) for elab_debug_uart_send
    elab_log.o(.constdata) refers to elab_log.o(.conststring) for .conststring
    elab_device.o(i.__device_enable) refers to elab_assert.o(i._assert) for _assert
    elab_device.o(i.__device_enable) refers to elab_device.o(i.__device_mutex_lock) for __device_mutex_lock
    elab_device.o(i.__device_enable) refers to elab_device.o(.data) for TAG
    elab_device.o(i.__device_mutex_lock) refers to elab_assert.o(i._assert) for _assert
    elab_device.o(i.__device_mutex_lock) refers to cmsis_os2.o(i.osMutexAcquire) for osMutexAcquire
    elab_device.o(i.__device_mutex_lock) refers to cmsis_os2.o(i.osMutexRelease) for osMutexRelease
    elab_device.o(i.__device_mutex_lock) refers to elab_device.o(.data) for TAG
[...]
    elab_anemometer_stop                     0x08005a81   Thumb Code    44  elab_anemometer.o(i.elab_anemometer_stop)
    elab_assert_func                         0x08005abd   Thumb Code     4  elab_assert.o(i.elab_assert_func)
    elab_debug_uart_init                     0x08005ac1   Thumb Code    82  elab_uart_debug.o(i.elab_debug_uart_init)
    elab_debug_uart_receive                  0x08005b31   Thumb Code    36  elab_uart_debug.o(i.elab_debug_uart_receive)
    elab_debug_uart_send                     0x08005b59   Thumb Code    88  elab_uart_debug.o(i.elab_debug_uart_send)
    elab_device_find                         0x08005bb9   Thumb Code   218  elab_device.o(i.elab_device_find)
    elab_device_register                     0x08005cd9   Thumb Code   234  elab_device.o(i.elab_device_register)
    elab_device_valid                        0x08005e0d   Thumb Code    22  elab_device.o(i.elab_device_valid)
    elab_driver_pin_init                     0x08005e25   Thumb Code   102  drv_pin_mcu.o(i.elab_driver_pin_init)
    elab_led_register                        0x08005eb1   Thumb Code   258  elab_led.o(i.elab_led_register)
    elab_led_toggle                          0x08006041   Thumb Code    84  elab_led.o(i.elab_led_toggle)
    elab_ms1022_freq_corr_fact               0x080060c9   Thumb Code   130  elab_ms1022.o(i.elab_ms1022_freq_corr_fact)
    elab_ms1022_init                         0x0800615d   Thumb Code   256  elab_ms1022.o(i.elab_ms1022_init)
    elab_ms1022_read_TOF                     0x080062a5   Thumb Code    48  elab_ms1022.o(i.elab_ms1022_read_TOF)
    elab_ms1022_read_all_cfgregs             0x080062e1   Thumb Code   132  elab_ms1022.o(i.elab_ms1022_read_all_cfgregs)
    elab_ms1022_read_error_bit               0x080063a9   Thumb Code    88  elab_ms1022.o(i.elab_ms1022_read_error_bit)
    elab_ms1022_register                     0x0800647d   Thumb Code   292  elab_ms1022.o(i.elab_ms1022_register)
    elab_ms1022_send_cmd                     0x0800666d   Thumb Code    44  elab_ms1022.o(i.elab_ms1022_send_cmd)
    elab_ms1022_wait_int                     0x080066a5   Thumb Code    44  elab_ms1022.o(i.elab_ms1022_wait_int)
    elab_pin_get_status                      0x080066dd   Thumb Code    94  elab_pin.o(i.elab_pin_get_status)
    elab_pin_register                        0x08006771   Thumb Code   158  elab_pin.o(i.elab_pin_register)
    elab_pin_set_mode                        0x08006849   Thumb Code    54  elab_pin.o(i.elab_pin_set_mode)
    elab_pin_set_status                      0x0800688d   Thumb Code    96  elab_pin.o(i.elab_pin_set_status)
    elab_run                                 0x080068f9   Thumb Code    34  elab_export.o(i.elab_run)
    elab_spi_bus_register                    0x08006925   Thumb Code   212  elab_spi.o(i.elab_spi_bus_register)
    elab_spi_bus_xfer_end                    0x08006a51   Thumb Code    36  elab_spi.o(i.elab_spi_bus_xfer_end)
    elab_spi_register                        0x08006a89   Thumb Code   246  elab_spi.o(i.elab_spi_register)
    elab_spi_send                            0x08006c1d   Thumb Code   122  elab_spi.o(i.elab_spi_send)
    elab_spi_xfer                            0x08006ccd   Thumb Code   286  elab_spi.o(i.elab_spi_xfer)
    elab_time_ms                             0x08006e25   Thumb Code     8  elab_common.o(i.elab_time_ms)
    elib_queue_init                          0x08006e2d   Thumb Code    14  elib_queue.o(i.elib_queue_init)
    elib_queue_is_empty                      0x08006e3b   Thumb Code    18  elib_queue.o(i.elib_queue_is_empty)
    elib_queue_pop                           0x08006e4d   Thumb Code    48  elib_queue.o(i.elib_queue_pop)
    elib_queue_pull                          0x08006e7d   Thumb Code    66  elib_queue.o(i.elib_queue_pull)
    elib_queue_pull_pop                      0x08006ebf   Thumb Code    86  elib_queue.o(i.elib_queue_pull_pop)
    elib_queue_push                          0x08006f15   Thumb Code    64  elib_queue.o(i.elib_queue_push)
    fputc                                    0x08006f57   Thumb Code    22  elab_log.o(i.fputc)
    get_pin_from_name                        0x08006f6d   Thumb Code    22  drv_util.o(i.get_pin_from_name)
    get_port_from_name                       0x08006f85   Thumb Code    14  drv_util.o(i.get_port_from_name)
    get_sysfrq                               0x08006f99   Thumb Code    40  system_test.o(i.get_sysfrq)
    get_systemclock_cfg                      0x08006ff1   Thumb Code   120  system_test.o(i.get_systemclock_cfg)
    gpio_clock_enable                        0x080070b5   Thumb Code   208  drv_util.o(i.gpio_clock_enable)
    ic_74hc4052d_register                    0x08007241   Thumb Code   288  elab_74hc4052d.o(i.ic_74hc4052d_register)
    ic_74hc4052d_switch                      0x08007459   Thumb Code   158  elab_74hc4052d.o(i.ic_74hc4052d_switch)
    ic_74hc405d_disable                      0x08007505   Thumb Code    46  elab_74hc4052d.o(i.ic_74hc405d_disable)
    main                                     0x08007571   Thumb Code    14  main.o(i.main)
    ms1022_test_communication                0x08007965   Thumb Code    88  elab_ms1022.o(i.ms1022_test_communication)
    new_test_func                            0x08007a71   Thumb Code    54  ms1022_test.o(i.new_test_func)
    osDelay                                  0x08007ab9   Thumb Code    34  cmsis_os2.o(i.osDelay)
    osKernelGetTickCount                     0x08007adb   Thumb Code    28  cmsis_os2.o(i.osKernelGetTickCount)
    osKernelInitialize                       0x08007af9   Thumb Code    42  cmsis_os2.o(i.osKernelInitialize)
    osKernelStart                            0x08007b29   Thumb Code    58  cmsis_os2.o(i.osKernelStart)
    osMutexAcquire                           0x08007b69   Thumb Code   114  cmsis_os2.o(i.osMutexAcquire)
    osMutexNew                               0x08007bdb   Thumb Code   198  cmsis_os2.o(i.osMutexNew)
    osMutexRelease                           0x08007ca1   Thumb Code    78  cmsis_os2.o(i.osMutexRelease)
    osSemaphoreAcquire                       0x08007cf1   Thumb Code   106  cmsis_os2.o(i.osSemaphoreAcquire)
    osSemaphoreNew                           0x08007d61   Thumb Code   212  cmsis_os2.o(i.osSemaphoreNew)
    osSemaphoreRelease                       0x08007e35   Thumb Code    86  cmsis_os2.o(i.osSemaphoreRelease)
    osThreadNew                              0x08007e91   Thumb Code   206  cmsis_os2.o(i.osThreadNew)
    osTimerNew                               0x08007f61   Thumb Code   192  cmsis_os2.o(i.osTimerNew)
    osTimerStart                             0x08008025   Thumb Code    62  cmsis_os2.o(i.osTimerStart)
    pvPortMalloc                             0x08008ab9   Thumb Code   274  heap_4.o(i.pvPortMalloc)
    pvTaskIncrementMutexHeldCount            0x08008be5   Thumb Code    28  tasks.o(i.pvTaskIncrementMutexHeldCount)
    pvTimerGetTimerID                        0x08008c05   Thumb Code    30  timers.o(i.pvTimerGetTimerID)
    pxPortInitialiseStack                    0x08008c25   Thumb Code    26  port.o(i.pxPortInitialiseStack)
    read_all_ms1022cfg_regs                  0x08008c45   Thumb Code    22  ms1022_test.o(i.read_all_ms1022cfg_regs)
    read_ms1022_freq_corr_fact               0x08008c69   Thumb Code    46  ms1022_test.o(i.read_ms1022_freq_corr_fact)
    shellBackspace                           0x08008cd9   Thumb Code    14  shell.o(i.shellBackspace)
    shellCheckPermission                     0x08008d2d   Thumb Code    62  shell.o(i.shellCheckPermission)
    shellClear                               0x08008d6d   Thumb Code    24  shell.o(i.shellClear)
    shellClearCommandLine                    0x08008d89   Thumb Code    40  shell.o(i.shellClearCommandLine)
    shellCmds                                0x08008db1   Thumb Code    20  shell.o(i.shellCmds)
    shellDelete                              0x08008dc5   Thumb Code    16  shell.o(i.shellDelete)
    shellDeleteByte                          0x08008dd5   Thumb Code   222  shell.o(i.shellDeleteByte)
    shellDeleteCommandLine                   0x08008eb5   Thumb Code    36  shell.o(i.shellDeleteCommandLine)
    shellDown                                0x08008edd   Thumb Code    16  shell.o(i.shellDown)
    shellEnter                               0x08008eed   Thumb Code    20  shell.o(i.shellEnter)
    shellExec                                0x08008f01   Thumb Code   116  shell.o(i.shellExec)
    shellExtParsePara                        0x08009103   Thumb Code    92  shell_ext.o(i.shellExtParsePara)
    shellExtRun                              0x080091cf   Thumb Code   206  shell_ext.o(i.shellExtRun)
    shellGetCurrent                          0x08009355   Thumb Code    48  shell.o(i.shellGetCurrent)
    shellGetVarValue                         0x08009389   Thumb Code    86  shell.o(i.shellGetVarValue)
    shellHandler                             0x080093e1   Thumb Code   250  shell.o(i.shellHandler)
    shellHelp                                0x080094e1   Thumb Code    46  shell.o(i.shellHelp)
    shellInit                                0x08009651   Thumb Code   150  shell.o(i.shellInit)
    shellInsertByte                          0x080096f5   Thumb Code   218  shell.o(i.shellInsertByte)
    shellKeys                                0x080097d5   Thumb Code    20  shell.o(i.shellKeys)
    shellLeft                                0x080097e9   Thumb Code    26  shell.o(i.shellLeft)
    shellListAll                             0x08009803   Thumb Code    12  shell.o(i.shellListAll)
    shellListCommand                         0x08009811   Thumb Code    72  shell.o(i.shellListCommand)
    shellListItem                            0x0800985d   Thumb Code   236  shell.o(i.shellListItem)
    shellListKey                             0x08009955   Thumb Code    86  shell.o(i.shellListKey)
    shellListUser                            0x080099b1   Thumb Code    86  shell.o(i.shellListUser)
    shellListVar                             0x08009a0d   Thumb Code    86  shell.o(i.shellListVar)
    shellNormalInput                         0x08009a69   Thumb Code    28  shell.o(i.shellNormalInput)
    shellRight                               0x08009b83   Thumb Code    30  shell.o(i.shellRight)
    shellRunCommand                          0x08009ba1   Thumb Code   180  shell.o(i.shellRunCommand)
    shellSeekCommand                         0x08009c55   Thumb Code   130  shell.o(i.shellSeekCommand)
    shellSetVar                              0x08009d41   Thumb Code   104  shell.o(i.shellSetVar)
    shellSetVarValue                         0x08009dad   Thumb Code   146  shell.o(i.shellSetVarValue)
    shellTab                                 0x08009f4d   Thumb Code   288  shell.o(i.shellTab)
    shellToDec                               0x0800a071   Thumb Code    90  shell.o(i.shellToDec)
    shellToHex                               0x0800a0cd   Thumb Code    26  shell.o(i.shellToHex)
    shellUp                                  0x0800a0f1   Thumb Code    14  shell.o(i.shellUp)
    shellUsers                               0x0800a0ff   Thumb Code    20  shell.o(i.shellUsers)
    shellVars                                0x0800a113   Thumb Code    20  shell.o(i.shellVars)
    shellWriteString                         0x0800a2d9   Thumb Code    34  shell.o(i.shellWriteString)
    test_ms1022_com                          0x0800a52d   Thumb Code    56  ms1022_test.o(i.test_ms1022_com)
    uxListRemove                             0x0800a5e1   Thumb Code    40  list.o(i.uxListRemove)
    vApplicationGetIdleTaskMemory            0x0800a609   Thumb Code    14  cmsis_os2.o(i.vApplicationGetIdleTaskMemory)
    vApplicationGetTimerTaskMemory           0x0800a621   Thumb Code    16  cmsis_os2.o(i.vApplicationGetTimerTaskMemory)
    vApplicationStackOverflowHook            0x0800a639   Thumb Code     6  cmsis_os2.o(i.vApplicationStackOverflowHook)
    vListInitialise                          0x0800a63f   Thumb Code    26  list.o(i.vListInitialise)
    vListInitialiseItem                      0x0800a659   Thumb Code     6  list.o(i.vListInitialiseItem)
    vListInsert                              0x0800a65f   Thumb Code    54  list.o(i.vListInsert)
    vListInsertEnd                           0x0800a695   Thumb Code    24  list.o(i.vListInsertEnd)
    vPortEnterCritical                       0x0800a6ad   Thumb Code    22  port.o(i.vPortEnterCritical)
    vPortExitCritical                        0x0800a6c9   Thumb Code    36  port.o(i.vPortExitCritical)
    vPortFree                                0x0800a6f1   Thumb Code   130  heap_4.o(i.vPortFree)
    vPortSetupTimerInterrupt                 0x0800a781   Thumb Code    34  port.o(i.vPortSetupTimerInterrupt)
    vPortYield                               0x0800a7ad   Thumb Code    18  port.o(i.vPortYield)
    vQueueAddToRegistry                      0x0800a7c5   Thumb Code    40  queue.o(i.vQueueAddToRegistry)
    vQueueDelete                             0x0800a7f1   Thumb Code    38  queue.o(i.vQueueDelete)
    vQueueUnregisterQueue                    0x0800a819   Thumb Code    46  queue.o(i.vQueueUnregisterQueue)
    vQueueWaitForMessageRestricted           0x0800a84d   Thumb Code    76  queue.o(i.vQueueWaitForMessageRestricted)
    vTaskDelay                               0x0800a899   Thumb Code    62  tasks.o(i.vTaskDelay)
    vTaskInternalSetTimeOutState             0x0800a8dd   Thumb Code    14  tasks.o(i.vTaskInternalSetTimeOutState)
    vTaskMissedYield                         0x0800a8f5   Thumb Code     8  tasks.o(i.vTaskMissedYield)
    vTaskPlaceOnEventList                    0x0800a901   Thumb Code    38  tasks.o(i.vTaskPlaceOnEventList)
    vTaskPlaceOnEventListRestricted          0x0800a92d   Thumb Code    48  tasks.o(i.vTaskPlaceOnEventListRestricted)
    vTaskPriorityDisinheritAfterTimeout      0x0800a961   Thumb Code   164  tasks.o(i.vTaskPriorityDisinheritAfterTimeout)
    vTaskStartScheduler                      0x0800aa11   Thumb Code   130  tasks.o(i.vTaskStartScheduler)
    vTaskSuspendAll                          0x0800aab1   Thumb Code    12  tasks.o(i.vTaskSuspendAll)
    vTaskSwitchContext                       0x0800aac1   Thumb Code   156  tasks.o(i.vTaskSwitchContext)
    xPortStartScheduler                      0x0800ab75   Thumb Code    48  port.o(i.xPortStartScheduler)
    xPortSysTickHandler                      0x0800abad   Thumb Code    32  port.o(i.xPortSysTickHandler)
    xQueueCreateCountingSemaphore            0x0800abd1   Thumb Code    68  queue.o(i.xQueueCreateCountingSemaphore)
    xQueueCreateCountingSemaphoreStatic      0x0800ac15   Thumb Code    76  queue.o(i.xQueueCreateCountingSemaphoreStatic)
    xQueueCreateMutex                        0x0800ac61   Thumb Code    30  queue.o(i.xQueueCreateMutex)
    xQueueCreateMutexStatic                  0x0800ac7f   Thumb Code    38  queue.o(i.xQueueCreateMutexStatic)
    xQueueGenericCreate                      0x0800aca5   Thumb Code    82  queue.o(i.xQueueGenericCreate)
    xQueueGenericCreateStatic                0x0800acf7   Thumb Code   160  queue.o(i.xQueueGenericCreateStatic)
    xQueueGenericReset                       0x0800ad97   Thumb Code   130  queue.o(i.xQueueGenericReset)
    xQueueGenericSend                        0x0800ae19   Thumb Code   346  queue.o(i.xQueueGenericSend)
    xQueueGenericSendFromISR                 0x0800af73   Thumb Code   192  queue.o(i.xQueueGenericSendFromISR)
    xQueueGiveFromISR                        0x0800b033   Thumb Code   170  queue.o(i.xQueueGiveFromISR)
    xQueueGiveMutexRecursive                 0x0800b0dd   Thumb Code    60  queue.o(i.xQueueGiveMutexRecursive)
    xQueueReceive                            0x0800b119   Thumb Code   312  queue.o(i.xQueueReceive)
    xQueueReceiveFromISR                     0x0800b251   Thumb Code   158  queue.o(i.xQueueReceiveFromISR)
    xQueueSemaphoreTake                      0x0800b2ef   Thumb Code   382  queue.o(i.xQueueSemaphoreTake)
    xQueueTakeMutexRecursive                 0x0800b46d   Thumb Code    62  queue.o(i.xQueueTakeMutexRecursive)
    xTaskCheckForTimeOut                     0x0800b4ad   Thumb Code   106  tasks.o(i.xTaskCheckForTimeOut)
    xTaskCreate                              0x0800b521   Thumb Code    98  tasks.o(i.xTaskCreate)
    xTaskCreateStatic                        0x0800b583   Thumb Code   136  tasks.o(i.xTaskCreateStatic)
    xTaskGetCurrentTaskHandle                0x0800b60d   Thumb Code     6  tasks.o(i.xTaskGetCurrentTaskHandle)
    xTaskGetSchedulerState                   0x0800b619   Thumb Code    28  tasks.o(i.xTaskGetSchedulerState)
    xTaskGetTickCount                        0x0800b63d   Thumb Code     6  tasks.o(i.xTaskGetTickCount)
    xTaskGetTickCountFromISR                 0x0800b649   Thumb Code     8  tasks.o(i.xTaskGetTickCountFromISR)
    xTaskIncrementTick                       0x0800b655   Thumb Code   270  tasks.o(i.xTaskIncrementTick)
    xTaskPriorityDisinherit                  0x0800b791   Thumb Code   124  tasks.o(i.xTaskPriorityDisinherit)
    xTaskPriorityInherit                     0x0800b819   Thumb Code   150  tasks.o(i.xTaskPriorityInherit)
    xTaskRemoveFromEventList                 0x0800b8bd   Thumb Code   112  tasks.o(i.xTaskRemoveFromEventList)
    xTaskResumeAll                           0x0800b945   Thumb Code   206  tasks.o(i.xTaskResumeAll)
    xTimerCreate                             0x0800ba35   Thumb Code    50  timers.o(i.xTimerCreate)
    xTimerCreateStatic                       0x0800ba67   Thumb Code    84  timers.o(i.xTimerCreateStatic)
    xTimerCreateTimerTask                    0x0800babd   Thumb Code    90  timers.o(i.xTimerCreateTimerTask)
    xTimerGenericCommand                     0x0800bb2d   Thumb Code   110  timers.o(i.xTimerGenericCommand)
    shellCmdDefaultUser                      0x0800bc7c   Data           3  shell.o(.constdata)
    shellPasswordDefaultUser                 0x0800bc7f   Data           1  shell.o(.constdata)
    shellDesDefaultUser                      0x0800bc80   Data          13  shell.o(.constdata)
    shellCmdsetVar                           0x0800bc8d   Data           7  shell.o(.constdata)
    shellDescsetVar                          0x0800bc94   Data           8  shell.o(.constdata)
    shellDescESH_KEY_UP                      0x0800bc9c   Data           3  shell.o(.constdata)
    shellDescESH_KEY_DOWN                    0x0800bc9f   Data           5  shell.o(.constdata)
    shellDesc0x1B5B4300                      0x0800bca4   Data           6  shell.o(.constdata)
    shellDesc0x1B5B4400                      0x0800bcaa   Data           5  shell.o(.constdata)
    shellDesc0x09000000                      0x0800bcaf   Data           4  shell.o(.constdata)
    shellDesc0x08000000                      0x0800bcb3   Data          10  shell.o(.constdata)
    shellDesc0x7F000000                      0x0800bcbd   Data          10  shell.o(.constdata)
    shellDesc0x1B5B337E                      0x0800bcc7   Data           7  shell.o(.constdata)
    shellDesc0x0A000000                      0x0800bcce   Data           6  shell.o(.constdata)
    shellDesc0x0D000000                      0x0800bcd4   Data           6  shell.o(.constdata)
    shellCmdhelp                             0x0800bcda   Data           5  shell.o(.constdata)
    shellDeschelp                            0x0800bcdf   Data          30  shell.o(.constdata)
    shellCmdusers                            0x0800bcfd   Data           6  shell.o(.constdata)
    shellDescusers                           0x0800bd03   Data          14  shell.o(.constdata)
    shellCmdcmds                             0x0800bd11   Data           5  shell.o(.constdata)
    shellDesccmds                            0x0800bd16   Data          13  shell.o(.constdata)
    shellCmdvars                             0x0800bd23   Data           5  shell.o(.constdata)
    shellDescvars                            0x0800bd28   Data          13  shell.o(.constdata)
    shellCmdkeys                             0x0800bd35   Data           5  shell.o(.constdata)
    shellDesckeys                            0x0800bd3a   Data          13  shell.o(.constdata)
    shellCmdclear                            0x0800bd47   Data           6  shell.o(.constdata)
    shellDescclear                           0x0800bd4d   Data          14  shell.o(.constdata)
    shellDesc0x7E000000                      0x0800bd5b   Data          10  shell.o(.constdata)
    AHBPrescTable                            0x0800bd70   Data          64  system_stm32g0xx.o(.constdata)
    APBPrescTable                            0x0800bdb0   Data          32  system_stm32g0xx.o(.constdata)
    UARTPrescTable                           0x0800bdd8   Data          24  stm32g0xx_hal_uart.o(.constdata)
    shellCmdget_systemclock_cfg              0x0800be8b   Data          20  system_test.o(.constdata)
    shellDescget_systemclock_cfg             0x0800be9f   Data          20  system_test.o(.constdata)
    shellCmdget_sysfrq                       0x0800beb3   Data          11  system_test.o(.constdata)
    shellDescget_sysfrq                      0x0800bebe   Data          11  system_test.o(.constdata)
    shellCmdtest_ms1022_com                  0x0800bec9   Data          16  ms1022_test.o(.constdata)
    shellDesctest_ms1022_com                 0x0800bed9   Data          16  ms1022_test.o(.constdata)
    shellCmdread_all_ms1022cfg_regs          0x0800bee9   Data          24  ms1022_test.o(.constdata)
    shellDescread_all_ms1022cfg_regs         0x0800bf01   Data          24  ms1022_test.o(.constdata)
    shellCmdread_ms1022_freq_corr_fact       0x0800bf19   Data          27  ms1022_test.o(.constdata)
    shellDescread_ms1022_freq_corr_fact      0x0800bf34   Data          27  ms1022_test.o(.constdata)
    shellCmdnew_test_func                    0x0800bf4f   Data          14  ms1022_test.o(.constdata)
    shellDescnew_test_func                   0x0800bf5d   Data          14  ms1022_test.o(.constdata)
    __ctype_table                            0x0800bf6b   Data         129  ctype_o.o(.constdata)
    Region$$Table$$Base                      0x0800c458   Number         0  anon$$obj.o(Region$$Table)
    Region$$Table$$Limit                     0x0800c478   Number         0  anon$$obj.o(Region$$Table)
    init_module_null_init                    0x0800c478   Data          28  elab_export.o(elab_export)
    init_uart_null_init                      0x0800c494   Data          28  elab_device_null.o(elab_export)
    init_spi_bus_export                      0x0800c4b0   Data          28  drv_spi_bus.o(elab_export)
    init_shell_uart_init                     0x0800c4cc   Data          28  shell_export.o(elab_export)
    init_led_export                          0x0800c4e8   Data          28  led_export.o(elab_export)
    init_driver_pin_mcu_export               0x0800c504   Data          28  pin_export.o(elab_export)
    init_ic_74hc4052d_export                 0x0800c520   Data          28  pin_export.o(elab_export)
    init_driver_spi_export                   0x0800c53c   Data          28  spi_export.o(elab_export)
    init_spi_device_export                   0x0800c558   Data          28  spi_export.o(elab_export)
    init_anemometer_export                   0x0800c574   Data          28  spi_export.o(elab_export)
    poll_module_null_init                    0x0800c590   Data          28  elab_export.o(expoll)
    poll_shell_poll                          0x0800c5ac   Data          28  shell_export.o(expoll)
    shellCommand$$Base                       0x0800c5c8   Number         0  shell.o(shellCommand)
    shellUserDefault                         0x0800c5c8   Data          64  shell.o(shellCommand)
    shellCommandsetVar                       0x0800c608   Data          64  shell.o(shellCommand)
    shellKeyESH_KEY_UP                       0x0800c648   Data          64  shell.o(shellCommand)
    shellKeyESH_KEY_DOWN                     0x0800c688   Data          64  shell.o(shellCommand)
    shellKey0x1B5B4300                       0x0800c6c8   Data          64  shell.o(shellCommand)
    shellKey0x1B5B4400                       0x0800c708   Data          64  shell.o(shellCommand)
    shellKey0x09000000                       0x0800c748   Data          64  shell.o(shellCommand)
    shellKey0x08000000                       0x0800c788   Data          64  shell.o(shellCommand)
    shellKey0x7F000000                       0x0800c7c8   Data          64  shell.o(shellCommand)
    shellKey0x1B5B337E                       0x0800c808   Data          64  shell.o(shellCommand)
    shellKey0x0A000000                       0x0800c848   Data          64  shell.o(shellCommand)
    shellKey0x0D000000                       0x0800c888   Data          64  shell.o(shellCommand)
    shellCommandhelp                         0x0800c8c8   Data          64  shell.o(shellCommand)
    shellCommandusers                        0x0800c908   Data          64  shell.o(shellCommand)
    shellCommandcmds                         0x0800c948   Data          64  shell.o(shellCommand)
    shellCommandvars                         0x0800c988   Data          64  shell.o(shellCommand)
    shellCommandkeys                         0x0800c9c8   Data          64  shell.o(shellCommand)
    shellCommandclear                        0x0800ca08   Data          64  shell.o(shellCommand)
    shellKey0x7E000000                       0x0800ca48   Data          64  shell.o(shellCommand)
    shellCommandget_systemclock_cfg          0x0800ca88   Data          64  system_test.o(shellCommand)
    shellCommandget_sysfrq                   0x0800cac8   Data          64  system_test.o(shellCommand)
    shellCommandtest_ms1022_com              0x0800cb08   Data          64  ms1022_test.o(shellCommand)
    shellCommandread_all_ms1022cfg_regs      0x0800cb48   Data          64  ms1022_test.o(shellCommand)
    shellCommandread_ms1022_freq_corr_fact   0x0800cb88   Data          64  ms1022_test.o(shellCommand)
    shellCommandnew_test_func                0x0800cbc8   Data          64  ms1022_test.o(shellCommand)
    shellCommand$$Limit                      0x0800cc08   Number         0  ms1022_test.o(shellCommand)
    pxCurrentTCB                             0x200000c0   Data           4  tasks.o(.data)
    SystemCoreClock                          0x20000138   Data           4  system_stm32g0xx.o(.data)
    uwTick                                   0x2000013c   Data           4  stm32g0xx_hal.o(.data)
    uwTickPrio                               0x20000140   Data           4  stm32g0xx_hal.o(.data)
    uwTickFreq                               0x20000144   Data           1  stm32g0xx_hal.o(.data)
    ms1022                                   0x2000018c   Data           4  ms1022_test.o(.data)
    anemometer                               0x20000190   Data           4  ms1022_test.o(.data)
    __stdout                                 0x20000194   Data           4  stdout.o(.data)
    xQueueRegistry                           0x200003bc   Data          64  queue.o(.bss)
    huart                                    0x200030a0   Data         144  elab_uart_debug.o(.bss)
    __initial_sp                             0x200041e0   Data           0  startup_stm32g070xx.o(STACK)



==============================================================================

Memory Map of the image

  Image Entry point : 0x080000b5

  Load Region LR_IROM1 (Base: 0x08000000, Size: 0x0000cda4, Max: 0x00020000, ABSOLUTE, COMPRESSED[0x0000ccb0])

    Execution Region ER_IROM1 (Exec base: 0x08000000, Load base: 0x08000000, Size: 0x0000cc08, Max: 0x00020000, ABSOLUTE)

    Exec Addr    Load Addr    Size         Type   Attr      Idx    E Section Name        Object

    0x08000000   0x08000000   0x000000b4   Data   RO         3118    RESET               startup_stm32g070xx.o
    0x080000b4   0x080000b4   0x00000000   Code   RO         7174  * .ARM.Collect$$$$00000000  mc_p.l(entry.o)
    0x080000b4   0x080000b4   0x00000004   Code   RO         7508    .ARM.Collect$$$$00000001  mc_p.l(entry2.o)
    0x080000b8   0x080000b8   0x00000004   Code   RO         7511    .ARM.Collect$$$$00000004  mc_p.l(entry5.o)
    0x080000bc   0x080000bc   0x00000000   Code   RO         7513    .ARM.Collect$$$$00000008  mc_p.l(entry7b.o)
    0x080000bc   0x080000bc   0x00000000   Code   RO         7515    .ARM.Collect$$$$0000000A  mc_p.l(entry8b.o)
    0x080000bc   0x080000bc   0x00000008   Code   RO         7516    .ARM.Collect$$$$0000000B  mc_p.l(entry9a.o)
    0x080000c4   0x080000c4   0x00000004   Code   RO         7523    .ARM.Collect$$$$0000000E  mc_p.l(entry12b.o)
    0x080000c8   0x080000c8   0x00000000   Code   RO         7518    .ARM.Collect$$$$0000000F  mc_p.l(entry10a.o)
    0x080000c8   0x080000c8   0x00000000   Code   RO         7520    .ARM.Collect$$$$00000011  mc_p.l(entry11a.o)
    0x080000c8   0x080000c8   0x00000004   Code   RO         7509    .ARM.Collect$$$$00002712  mc_p.l(entry2.o)
    0x080000cc   0x080000cc   0x00000078   Code   RO         2321    .emb_text           port.o
    0x08000144   0x08000144   0x0000001c   Code   RO         3119    .text               startup_stm32g070xx.o
    0x08000160   0x08000160   0x0000002c   Code   RO         7177    .text               mc_p.l(uidiv.o)
    0x0800018c   0x0800018c   0x00000028   Code   RO         7179    .text               mc_p.l(idiv.o)
    0x080001b4   0x080001b4   0x00000024   Code   RO         7181    .text               mc_p.l(memcpya.o)
    0x080001d8   0x080001d8   0x00000024   Code   RO         7185    .text               mc_p.l(memseta.o)
    0x080001fc   0x080001fc   0x0000000e   Code   RO         7187    .text               mc_p.l(strlen.o)
    0x0800020a   0x0800020a   0x0000001c   Code   RO         7189    .text               mc_p.l(strcmp.o)
    0x08000226   0x08000226   0x0000001a   Code   RO         7191    .text               mc_p.l(memcmp.o)
    0x08000240   0x08000240   0x0000001e   Code   RO         7195    .text               mc_p.l(strncmp.o)
    0x0800025e   0x0800025e   0x0000001a   Code   RO         7488    .text               mc_p.l(atoi.o)
    0x08000278   0x08000278   0x0000007a   Code   RO         7490    .text               mf_p.l(fmul.o)
    0x080002f2   0x080002f2   0x0000007c   Code   RO         7492    .text               mf_p.l(fdiv.o)
    0x0800036e   0x0800036e   0x00000002   PAD
    0x08000370   0x08000370   0x00000168   Code   RO         7494    .text               mf_p.l(dadd.o)
    0x080004d8   0x080004d8   0x000000d0   Code   RO         7496    .text               mf_p.l(dmul.o)
    0x080005a8   0x080005a8   0x000000f0   Code   RO         7498    .text               mf_p.l(ddiv.o)
    0x08000698   0x08000698   0x00000016   Code   RO         7500    .text               mf_p.l(fflti.o)
    0x080006ae   0x080006ae   0x0000000e   Code   RO         7502    .text               mf_p.l(ffltui.o)
    0x080006bc   0x080006bc   0x00000028   Code   RO         7504    .text               mf_p.l(f2d.o)
    0x080006e4   0x080006e4   0x00000038   Code   RO         7506    .text               mf_p.l(d2f.o)
    0x0800071c   0x0800071c   0x00000060   Code   RO         7525    .text               mc_p.l(uldiv.o)
    0x0800077c   0x0800077c   0x00000020   Code   RO         7527    .text               mc_p.l(llshl.o)
    0x0800079c   0x0800079c   0x00000026   Code   RO         7529    .text               mc_p.l(llsshr.o)
    0x080007c2   0x080007c2   0x00000002   PAD
    0x080007c4   0x080007c4   0x00000070   Code   RO         7540    .text               mc_p.l(strtol.o)
    0x08000834   0x08000834   0x00000000   Code   RO         7542    .text               mc_p.l(iusefp.o)
    0x08000834   0x08000834   0x00000082   Code   RO         7543    .text               mf_p.l(fepilogue.o)
    0x080008b6   0x080008b6   0x000000be   Code   RO         7545    .text               mf_p.l(depilogue.o)
    0x08000974   0x08000974   0x00000040   Code   RO         7549    .text               mf_p.l(dfixul.o)
    0x080009b4   0x080009b4   0x00000028   Code   RO         7551    .text               mf_p.l(cdrcmple.o)
    0x080009dc   0x080009dc   0x00000024   Code   RO         7553    .text               mc_p.l(init.o)
    0x08000a00   0x08000a00   0x00000022   Code   RO         7555    .text               mc_p.l(llushr.o)
    0x08000a22   0x08000a22   0x00000002   PAD
    0x08000a24   0x08000a24   0x00000008   Code   RO         7557    .text               mc_p.l(ctype_o.o)
    0x08000a2c   0x08000a2c   0x000000a6   Code   RO         7585    .text               mc_p.l(_strtoul.o)
    0x08000ad2   0x08000ad2   0x0000001e   Code   RO         7587    .text               mc_p.l(_chval.o)
    0x08000af0   0x08000af0   0x00000056   Code   RO         7597    .text               mc_p.l(__dczerorl2.o)
    0x08000b46   0x08000b46   0x00000002   PAD
    0x08000b48   0x08000b48   0x00000018   Code   RO         6633    i.DMA1_Channel2_3_IRQHandler  drv_spi_bus.o
    0x08000b60   0x08000b60   0x00000034   Code   RO         6251    i.DMA_CalcDMAMUXChannelBaseAndMask  stm32g0xx_hal_dma.o
    0x08000b94   0x08000b94   0x00000028   Code   RO         6252    i.DMA_CalcDMAMUXRequestGenBaseAndMask  stm32g0xx_hal_dma.o
    0x08000bbc   0x08000bbc   0x0000004c   Code   RO         6253    i.DMA_SetConfig     stm32g0xx_hal_dma.o
    0x08000c08   0x08000c08   0x00000098   Code   RO         6254    i.HAL_DMA_Abort     stm32g0xx_hal_dma.o
    0x08000ca0   0x08000ca0   0x00000094   Code   RO         6255    i.HAL_DMA_Abort_IT  stm32g0xx_hal_dma.o
    0x08000d34   0x08000d34   0x00000120   Code   RO         6259    i.HAL_DMA_IRQHandler  stm32g0xx_hal_dma.o
    0x08000e54   0x08000e54   0x000000c0   Code   RO         6260    i.HAL_DMA_Init      stm32g0xx_hal_dma.o
    0x08000f14   0x08000f14   0x000000cc   Code   RO         6264    i.HAL_DMA_Start_IT  stm32g0xx_hal_dma.o
    0x08000fe0   0x08000fe0   0x000001d8   Code   RO         6185    i.HAL_GPIO_Init     stm32g0xx_hal_gpio.o
    0x080011b8   0x080011b8   0x00000012   Code   RO         6187    i.HAL_GPIO_ReadPin  stm32g0xx_hal_gpio.o
    0x080011ca   0x080011ca   0x0000000c   Code   RO         6189    i.HAL_GPIO_WritePin  stm32g0xx_hal_gpio.o
    0x080011d6   0x080011d6   0x00000002   PAD
    0x080011d8   0x080011d8   0x0000000c   Code   RO         3167    i.HAL_GetTick       stm32g0xx_hal.o
    0x080011e4   0x080011e4   0x0000002c   Code   RO         3174    i.HAL_Init          stm32g0xx_hal.o
    0x08001210   0x08001210   0x00000060   Code   RO         3175    i.HAL_InitTick      stm32g0xx_hal.o
    0x08001270   0x08001270   0x00000002   Code   RO         3177    i.HAL_MspInit       stm32g0xx_hal.o
    0x08001272   0x08001272   0x00000002   PAD
    0x08001274   0x08001274   0x0000003c   Code   RO         3351    i.HAL_NVIC_DisableIRQ  stm32g0xx_hal_cortex.o
    0x080012b0   0x080012b0   0x00000024   Code   RO         3352    i.HAL_NVIC_EnableIRQ  stm32g0xx_hal_cortex.o
    0x080012d4   0x080012d4   0x00000012   Code   RO         3356    i.HAL_NVIC_SetPriority  stm32g0xx_hal_cortex.o
    0x080012e6   0x080012e6   0x00000002   PAD
    0x080012e8   0x080012e8   0x00000058   Code   RO         3549    i.HAL_PWREx_ControlVoltageScaling  stm32g0xx_hal_pwr_ex.o
    0x08001340   0x08001340   0x000001d4   Code   RO         3662    i.HAL_RCC_ClockConfig  stm32g0xx_hal_rcc.o
    0x08001514   0x08001514   0x0000003c   Code   RO         3667    i.HAL_RCC_GetClockConfig  stm32g0xx_hal_rcc.o
    0x08001550   0x08001550   0x0000000c   Code   RO         3668    i.HAL_RCC_GetHCLKFreq  stm32g0xx_hal_rcc.o
    0x0800155c   0x0800155c   0x000000fc   Code   RO         3669    i.HAL_RCC_GetOscConfig  stm32g0xx_hal_rcc.o
    0x08001658   0x08001658   0x00000028   Code   RO         3670    i.HAL_RCC_GetPCLK1Freq  stm32g0xx_hal_rcc.o
    0x08001680   0x08001680   0x000000e4   Code   RO         3672    i.HAL_RCC_GetSysClockFreq  stm32g0xx_hal_rcc.o
    0x08001764   0x08001764   0x000005ac   Code   RO         3676    i.HAL_RCC_OscConfig  stm32g0xx_hal_rcc.o
    0x08001d10   0x08001d10   0x00000002   Code   RO         3861    i.HAL_SPI_ErrorCallback  stm32g0xx_hal_spi.o
    0x08001d12   0x08001d12   0x0000010c   Code   RO         3865    i.HAL_SPI_Init      stm32g0xx_hal_spi.o
    0x08001e1e   0x08001e1e   0x00000002   Code   RO         3867    i.HAL_SPI_MspInit   stm32g0xx_hal_spi.o
    0x08001e20   0x08001e20   0x000001bc   Code   RO         3869    i.HAL_SPI_Receive_DMA  stm32g0xx_hal_spi.o
    0x08001fdc   0x08001fdc   0x00000010   Code   RO         6634    i.HAL_SPI_RxCpltCallback  drv_spi_bus.o
    0x08001fec   0x08001fec   0x00000002   Code   RO         3872    i.HAL_SPI_RxHalfCpltCallback  stm32g0xx_hal_spi.o
    0x08001fee   0x08001fee   0x00000002   PAD
    0x08001ff0   0x08001ff0   0x00000250   Code   RO         3875    i.HAL_SPI_TransmitReceive_DMA  stm32g0xx_hal_spi.o
    0x08002240   0x08002240   0x00000164   Code   RO         3877    i.HAL_SPI_Transmit_DMA  stm32g0xx_hal_spi.o
    0x080023a4   0x080023a4   0x00000010   Code   RO         6635    i.HAL_SPI_TxCpltCallback  drv_spi_bus.o
    0x080023b4   0x080023b4   0x00000002   Code   RO         3880    i.HAL_SPI_TxHalfCpltCallback  stm32g0xx_hal_spi.o
    0x080023b6   0x080023b6   0x00000002   PAD
    0x080023b8   0x080023b8   0x00000010   Code   RO         6636    i.HAL_SPI_TxRxCpltCallback  drv_spi_bus.o
    0x080023c8   0x080023c8   0x00000002   Code   RO         3882    i.HAL_SPI_TxRxHalfCpltCallback  stm32g0xx_hal_spi.o
    0x080023ca   0x080023ca   0x00000002   PAD
    0x080023cc   0x080023cc   0x00000038   Code   RO         3360    i.HAL_SYSTICK_Config  stm32g0xx_hal_cortex.o
    0x08002404   0x08002404   0x00000002   Code   RO         5236    i.HAL_UARTEx_RxEventCallback  stm32g0xx_hal_uart.o
    0x08002406   0x08002406   0x00000002   Code   RO         5668    i.HAL_UARTEx_RxFifoFullCallback  stm32g0xx_hal_uart_ex.o
    0x08002408   0x08002408   0x00000002   Code   RO         5672    i.HAL_UARTEx_TxFifoEmptyCallback  stm32g0xx_hal_uart_ex.o
    0x0800240a   0x0800240a   0x00000002   Code   RO         5673    i.HAL_UARTEx_WakeupCallback  stm32g0xx_hal_uart_ex.o
    0x0800240c   0x0800240c   0x00000002   Code   RO         5252    i.HAL_UART_ErrorCallback  stm32g0xx_hal_uart.o
    0x0800240e   0x0800240e   0x00000002   PAD
    0x08002410   0x08002410   0x0000042e   Code   RO         5255    i.HAL_UART_IRQHandler  stm32g0xx_hal_uart.o
    0x0800283e   0x0800283e   0x00000082   Code   RO         5256    i.HAL_UART_Init     stm32g0xx_hal_uart.o
    0x080028c0   0x080028c0   0x00000094   Code   RO         6445    i.HAL_UART_MspInit  elab_uart_debug.o
    0x08002954   0x08002954   0x00000092   Code   RO         5261    i.HAL_UART_Receive_IT  stm32g0xx_hal_uart.o
    0x080029e6   0x080029e6   0x00000002   PAD
    0x080029e8   0x080029e8   0x00000034   Code   RO         6446    i.HAL_UART_RxCpltCallback  elab_uart_debug.o
    0x08002a1c   0x08002a1c   0x00000118   Code   RO         5267    i.HAL_UART_Transmit_IT  stm32g0xx_hal_uart.o
    0x08002b34   0x08002b34   0x00000040   Code   RO         6447    i.HAL_UART_TxCpltCallback  elab_uart_debug.o
    0x08002b74   0x08002b74   0x00000004   Code   RO         3080    i.HardFault_Handler  stm32g0xx_it.o
    0x08002b78   0x08002b78   0x00000004   Code   RO         3081    i.NMI_Handler       stm32g0xx_it.o
    0x08002b7c   0x08002b7c   0x00000028   Code   RO         3893    i.SPI_DMAError      stm32g0xx_hal_spi.o
    0x08002ba4   0x08002ba4   0x0000000e   Code   RO         3894    i.SPI_DMAHalfReceiveCplt  stm32g0xx_hal_spi.o
    0x08002bb2   0x08002bb2   0x0000000e   Code   RO         3895    i.SPI_DMAHalfTransmitCplt  stm32g0xx_hal_spi.o
    0x08002bc0   0x08002bc0   0x0000000e   Code   RO         3896    i.SPI_DMAHalfTransmitReceiveCplt  stm32g0xx_hal_spi.o
    0x08002bce   0x08002bce   0x00000082   Code   RO         3897    i.SPI_DMAReceiveCplt  stm32g0xx_hal_spi.o
    0x08002c50   0x08002c50   0x00000080   Code   RO         3899    i.SPI_DMATransmitCplt  stm32g0xx_hal_spi.o
    0x08002cd0   0x08002cd0   0x0000006c   Code   RO         3900    i.SPI_DMATransmitReceiveCplt  stm32g0xx_hal_spi.o
    0x08002d3c   0x08002d3c   0x0000008e   Code   RO         3902    i.SPI_EndRxTransaction  stm32g0xx_hal_spi.o
    0x08002dca   0x08002dca   0x0000006a   Code   RO         3903    i.SPI_EndRxTxTransaction  stm32g0xx_hal_spi.o
    0x08002e34   0x08002e34   0x000000fc   Code   RO         3908    i.SPI_WaitFifoStateUntilTimeout  stm32g0xx_hal_spi.o
    0x08002f30   0x08002f30   0x000000dc   Code   RO         3909    i.SPI_WaitFlagStateUntilTimeout  stm32g0xx_hal_spi.o
    0x0800300c   0x0800300c   0x00000002   Code   RO         2322    i.SVC_Handler       port.o
    0x0800300e   0x0800300e   0x00000002   PAD
    0x08003010   0x08003010   0x00000018   Code   RO         2422    i.SysTick_Handler   cmsis_os2.o
    0x08003028   0x08003028   0x00000002   Code   RO         3126    i.SystemInit        system_stm32g0xx.o
    0x0800302a   0x0800302a   0x00000018   Code   RO         2423    i.TimerCallback     cmsis_os2.o
    0x08003042   0x08003042   0x000000f0   Code   RO         5270    i.UART_AdvFeatureConfig  stm32g0xx_hal_uart.o
    0x08003132   0x08003132   0x00000002   PAD
    0x08003134   0x08003134   0x00000078   Code   RO         5271    i.UART_CheckIdleState  stm32g0xx_hal_uart.o
    0x080031ac   0x080031ac   0x00000018   Code   RO         5272    i.UART_DMAAbortOnError  stm32g0xx_hal_uart.o
    0x080031c4   0x080031c4   0x00000084   Code   RO         5282    i.UART_EndRxTransfer  stm32g0xx_hal_uart.o
    0x08003248   0x08003248   0x00000038   Code   RO         5283    i.UART_EndTransmit_IT  stm32g0xx_hal_uart.o
    0x08003280   0x08003280   0x000000e8   Code   RO         5285    i.UART_RxISR_16BIT  stm32g0xx_hal_uart.o
    0x08003368   0x08003368   0x00000210   Code   RO         5286    i.UART_RxISR_16BIT_FIFOEN  stm32g0xx_hal_uart.o
    0x08003578   0x08003578   0x000000e8   Code   RO         5287    i.UART_RxISR_8BIT   stm32g0xx_hal_uart.o
    0x08003660   0x08003660   0x0000020c   Code   RO         5288    i.UART_RxISR_8BIT_FIFOEN  stm32g0xx_hal_uart.o
    0x0800386c   0x0800386c   0x00000230   Code   RO         5289    i.UART_SetConfig    stm32g0xx_hal_uart.o
    0x08003a9c   0x08003a9c   0x000001b4   Code   RO         5291    i.UART_Start_Receive_IT  stm32g0xx_hal_uart.o
    0x08003c50   0x08003c50   0x00000078   Code   RO         5292    i.UART_TxISR_16BIT  stm32g0xx_hal_uart.o
    0x08003cc8   0x08003cc8   0x00000098   Code   RO         5293    i.UART_TxISR_16BIT_FIFOEN  stm32g0xx_hal_uart.o
    0x08003d60   0x08003d60   0x00000074   Code   RO         5294    i.UART_TxISR_8BIT   stm32g0xx_hal_uart.o
    0x08003dd4   0x08003dd4   0x00000094   Code   RO         5295    i.UART_TxISR_8BIT_FIFOEN  stm32g0xx_hal_uart.o
    0x08003e68   0x08003e68   0x00000120   Code   RO         5296    i.UART_WaitOnFlagUntilTimeout  stm32g0xx_hal_uart.o
    0x08003f88   0x08003f88   0x00000010   Code   RO         6448    i.USART1_IRQHandler  elab_uart_debug.o
    0x08003f98   0x08003f98   0x00000020   Code   RO         7432    i.__0printf         mc_p.l(printfa.o)
    0x08003fb8   0x08003fb8   0x00000028   Code   RO         7434    i.__0sprintf        mc_p.l(printfa.o)
    0x08003fe0   0x08003fe0   0x00000030   Code   RO         7437    i.__0vsnprintf      mc_p.l(printfa.o)
    0x08004010   0x08004010   0x0000002e   Code   RO         7547    i.__ARM_clz         mf_p.l(depilogue.o)
    0x0800403e   0x0800403e   0x0000001c   Code   RO          994    i.__ARM_common_switch8  shell.o
    0x0800405a   0x0800405a   0x00000002   PAD
    0x0800405c   0x0800405c   0x00000078   Code   RO         2424    i.__NVIC_SetPriority  cmsis_os2.o
    0x080040d4   0x080040d4   0x00000078   Code   RO         3362    i.__NVIC_SetPriority  stm32g0xx_hal_cortex.o
    0x0800414c   0x0800414c   0x00000008   Code   RO         7533    i.__aeabi_errno_addr  mc_p.l(errno.o)
    0x08004154   0x08004154   0x00000006   Code   RO         2425    i.__get_IPSR        cmsis_os2.o
    0x0800415a   0x0800415a   0x00000006   Code   RO         5297    i.__get_PRIMASK     stm32g0xx_hal_uart.o
    0x08004160   0x08004160   0x0000000e   Code   RO         7591    i.__scatterload_copy  mc_p.l(handlers.o)
    0x0800416e   0x0800416e   0x00000002   Code   RO         7592    i.__scatterload_null  mc_p.l(handlers.o)
    0x08004170   0x08004170   0x0000000e   Code   RO         7593    i.__scatterload_zeroinit  mc_p.l(handlers.o)
    0x0800417e   0x0800417e   0x00000006   Code   RO         5298    i.__set_PRIMASK     stm32g0xx_hal_uart.o
    0x08004184   0x08004184   0x00000078   Code   RO          219    i._add_device       elab_device.o
    0x080041fc   0x080041fc   0x00000090   Code   RO            1    i._assert           elab_assert.o
    0x0800428c   0x0800428c   0x00000030   Code   RO         6637    i._config           drv_spi_bus.o
    0x080042bc   0x080042bc   0x00000054   Code   RO          220    i._edf_mutex        elab_device.o
    0x08004310   0x08004310   0x000000b8   Code   RO          181    i._elog_printf      elab_log.o
    0x080043c8   0x080043c8   0x0000002c   Code   RO          119    i._entry_start_poll  elab_export.o
    0x080043f4   0x080043f4   0x00000006   Code   RO         6400    i._error_handler    bsp.o
    0x080043fa   0x080043fa   0x00000002   PAD
    0x080043fc   0x080043fc   0x00000174   Code   RO         7439    i._fp_digits        mc_p.l(printfa.o)
    0x08004570   0x08004570   0x0000009c   Code   RO          120    i._get_init_export_table  elab_export.o
    0x0800460c   0x0800460c   0x000000cc   Code   RO          121    i._get_poll_export_table  elab_export.o
    0x080046d8   0x080046d8   0x00000058   Code   RO         6521    i._get_status       drv_pin_mcu.o
    0x08004730   0x08004730   0x0000006c   Code   RO         6522    i._init             drv_pin_mcu.o
    0x0800479c   0x0800479c   0x00000078   Code   RO          122    i._init_func_execute  elab_export.o
    0x08004814   0x08004814   0x00000006   Code   RO          356    i._null_enable      elab_device_null.o
    0x0800481a   0x0800481a   0x00000008   Code   RO          357    i._null_read        elab_device_null.o
    0x08004822   0x08004822   0x00000008   Code   RO          358    i._null_write       elab_device_null.o
    0x0800482a   0x0800482a   0x00000002   PAD
    0x0800482c   0x0800482c   0x00000094   Code   RO          123    i._poll_func_execute  elab_export.o
    0x080048c0   0x080048c0   0x000006f0   Code   RO         7440    i._printf_core      mc_p.l(printfa.o)
    0x08004fb0   0x08004fb0   0x00000020   Code   RO         7441    i._printf_post_padding  mc_p.l(printfa.o)
    0x08004fd0   0x08004fd0   0x0000002c   Code   RO         7442    i._printf_pre_padding  mc_p.l(printfa.o)
    0x08004ffc   0x08004ffc   0x000000c8   Code   RO         6523    i._set_mode         drv_pin_mcu.o
    0x080050c4   0x080050c4   0x0000004c   Code   RO         6524    i._set_status       drv_pin_mcu.o
    0x08005110   0x08005110   0x00000016   Code   RO         7443    i._snputc           mc_p.l(printfa.o)
    0x08005126   0x08005126   0x0000000a   Code   RO         7444    i._sputc            mc_p.l(printfa.o)
    0x08005130   0x08005130   0x0000006e   Code   RO         6401    i._system_clock_config  bsp.o
    0x0800519e   0x0800519e   0x00000108   Code   RO          510    i._timer_func       elab_led.o
    0x080052a6   0x080052a6   0x0000002e   Code   RO         6869    i._timer_func       elab_anemometer.o
    0x080052d4   0x080052d4   0x00000078   Code   RO         6638    i._xfer             drv_spi_bus.o
    0x0800534c   0x0800534c   0x00000054   Code   RO         7025    i.anemometer_export  spi_export.o
    0x080053a0   0x080053a0   0x0000000c   Code   RO         6402    i.bsp_init          bsp.o
    0x080053ac   0x080053ac   0x00000060   Code   RO         6592    i.check_pin_name_valid  drv_util.o
    0x0800540c   0x0800540c   0x0000001c   Code   RO         6723    i.combine_write_reg_buffer  elab_ms1022.o
    0x08005428   0x08005428   0x00000054   Code   RO         6724    i.convertToFloat    elab_ms1022.o
    0x0800547c   0x0800547c   0x0000019c   Code   RO         6988    i.driver_pin_mcu_export  pin_export.o
    0x08005618   0x08005618   0x0000004c   Code   RO         7026    i.driver_spi_export  spi_export.o
    0x08005664   0x08005664   0x000000d4   Code   RO         6870    i.elab_anemometer_Set_Channel  elab_anemometer.o
    0x08005738   0x08005738   0x00000040   Code   RO         6871    i.elab_anemometer_calculate_wind_speed  elab_anemometer.o
    0x08005778   0x08005778   0x0000007c   Code   RO         6872    i.elab_anemometer_get_TOF  elab_anemometer.o
    0x080057f4   0x080057f4   0x00000090   Code   RO         6873    i.elab_anemometer_period  elab_anemometer.o
    0x08005884   0x08005884   0x000001fc   Code   RO         6874    i.elab_anemometer_register  elab_anemometer.o
    0x08005a80   0x08005a80   0x0000003c   Code   RO         6875    i.elab_anemometer_stop  elab_anemometer.o
    0x08005abc   0x08005abc   0x00000004   Code   RO            2    i.elab_assert_func  elab_assert.o
    0x08005ac0   0x08005ac0   0x00000070   Code   RO         6450    i.elab_debug_uart_init  elab_uart_debug.o
    0x08005b30   0x08005b30   0x00000028   Code   RO         6451    i.elab_debug_uart_receive  elab_uart_debug.o
    0x08005b58   0x08005b58   0x00000060   Code   RO         6452    i.elab_debug_uart_send  elab_uart_debug.o
    0x08005bb8   0x08005bb8   0x00000120   Code   RO          221    i.elab_device_find  elab_device.o
    0x08005cd8   0x08005cd8   0x00000134   Code   RO          228    i.elab_device_register  elab_device.o
    0x08005e0c   0x08005e0c   0x00000016   Code   RO          232    i.elab_device_valid  elab_device.o
    0x08005e22   0x08005e22   0x00000002   PAD
    0x08005e24   0x08005e24   0x0000008c   Code   RO         6525    i.elab_driver_pin_init  drv_pin_mcu.o
    0x08005eb0   0x08005eb0   0x00000190   Code   RO          511    i.elab_led_register  elab_led.o
    0x08006040   0x08006040   0x00000088   Code   RO          514    i.elab_led_toggle   elab_led.o
    0x080060c8   0x080060c8   0x00000094   Code   RO         6725    i.elab_ms1022_freq_corr_fact  elab_ms1022.o
    0x0800615c   0x0800615c   0x00000148   Code   RO         6726    i.elab_ms1022_init  elab_ms1022.o
    0x080062a4   0x080062a4   0x0000003c   Code   RO         6727    i.elab_ms1022_read_TOF  elab_ms1022.o
    0x080062e0   0x080062e0   0x000000c8   Code   RO         6728    i.elab_ms1022_read_all_cfgregs  elab_ms1022.o
    0x080063a8   0x080063a8   0x00000074   Code   RO         6729    i.elab_ms1022_read_error_bit  elab_ms1022.o
    0x0800641c   0x0800641c   0x00000060   Code   RO         6730    i.elab_ms1022_read_res0  elab_ms1022.o
    0x0800647c   0x0800647c   0x000001f0   Code   RO         6731    i.elab_ms1022_register  elab_ms1022.o
    0x0800666c   0x0800666c   0x00000038   Code   RO         6732    i.elab_ms1022_send_cmd  elab_ms1022.o
    0x080066a4   0x080066a4   0x00000038   Code   RO         6733    i.elab_ms1022_wait_int  elab_ms1022.o
    0x080066dc   0x080066dc   0x00000094   Code   RO          391    i.elab_pin_get_status  elab_pin.o
    0x08006770   0x08006770   0x000000d8   Code   RO          392    i.elab_pin_register  elab_pin.o
    0x08006848   0x08006848   0x00000044   Code   RO          393    i.elab_pin_set_mode  elab_pin.o
    0x0800688c   0x0800688c   0x0000006c   Code   RO          394    i.elab_pin_set_status  elab_pin.o
    0x080068f8   0x080068f8   0x0000002c   Code   RO          124    i.elab_run          elab_export.o
    0x08006924   0x08006924   0x0000012c   Code   RO          443    i.elab_spi_bus_register  elab_spi.o
    0x08006a50   0x08006a50   0x00000038   Code   RO          444    i.elab_spi_bus_xfer_end  elab_spi.o
    0x08006a88   0x08006a88   0x00000194   Code   RO          446    i.elab_spi_register  elab_spi.o
    0x08006c1c   0x08006c1c   0x000000b0   Code   RO          447    i.elab_spi_send     elab_spi.o
    0x08006ccc   0x08006ccc   0x00000158   Code   RO          450    i.elab_spi_xfer     elab_spi.o
    0x08006e24   0x08006e24   0x00000008   Code   RO           57    i.elab_time_ms      elab_common.o
    0x08006e2c   0x08006e2c   0x0000000e   Code   RO          572    i.elib_queue_init   elib_queue.o
    0x08006e3a   0x08006e3a   0x00000012   Code   RO          573    i.elib_queue_is_empty  elib_queue.o
    0x08006e4c   0x08006e4c   0x00000030   Code   RO          575    i.elib_queue_pop    elib_queue.o
    0x08006e7c   0x08006e7c   0x00000042   Code   RO          576    i.elib_queue_pull   elib_queue.o
    0x08006ebe   0x08006ebe   0x00000056   Code   RO          577    i.elib_queue_pull_pop  elib_queue.o
    0x08006f14   0x08006f14   0x00000040   Code   RO          578    i.elib_queue_push   elib_queue.o
    0x08006f54   0x08006f54   0x00000002   Code   RO          636    i.fkey_null_func    shell.o
    0x08006f56   0x08006f56   0x00000016   Code   RO          183    i.fputc             elab_log.o
    0x08006f6c   0x08006f6c   0x00000016   Code   RO         6593    i.get_pin_from_name  drv_util.o
    0x08006f82   0x08006f82   0x00000002   PAD
    0x08006f84   0x08006f84   0x00000014   Code   RO         6594    i.get_port_from_name  drv_util.o
    0x08006f98   0x08006f98   0x00000058   Code   RO         7087    i.get_sysfrq        system_test.o
    0x08006ff0   0x08006ff0   0x000000c4   Code   RO         7088    i.get_systemclock_cfg  system_test.o
    0x080070b4   0x080070b4   0x000000e4   Code   RO         6595    i.gpio_clock_enable  drv_util.o
    0x08007198   0x08007198   0x000000a8   Code   RO         6989    i.ic_74hc4052d_export  pin_export.o
    0x08007240   0x08007240   0x00000218   Code   RO         6835    i.ic_74hc4052d_register  elab_74hc4052d.o
    0x08007458   0x08007458   0x000000ac   Code   RO         6836    i.ic_74hc4052d_switch  elab_74hc4052d.o
    0x08007504   0x08007504   0x0000003c   Code   RO         6837    i.ic_74hc405d_disable  elab_74hc4052d.o
    0x08007540   0x08007540   0x00000030   Code   RO         6950    i.led_export        led_export.o
    0x08007570   0x08007570   0x0000000e   Code   RO         7070    i.main              main.o
    0x0800757e   0x0800757e   0x00000002   Code   RO          126    i.module_null_init  elab_export.o
    0x08007580   0x08007580   0x0000008c   Code   RO         6734    i.ms1022_config_all_regs  elab_ms1022.o
    0x0800760c   0x0800760c   0x0000031c   Code   RO         6735    i.ms1022_regs_set   elab_ms1022.o
    0x08007928   0x08007928   0x0000003c   Code   RO         6736    i.ms1022_send_cmd   elab_ms1022.o
    0x08007964   0x08007964   0x00000068   Code   RO         6737    i.ms1022_test_communication  elab_ms1022.o
    0x080079cc   0x080079cc   0x000000a4   Code   RO         6738    i.ms1022_write_reg  elab_ms1022.o
    0x08007a70   0x08007a70   0x00000048   Code   RO         7117    i.new_test_func     ms1022_test.o
    0x08007ab8   0x08007ab8   0x00000022   Code   RO         2426    i.osDelay           cmsis_os2.o
    0x08007ada   0x08007ada   0x0000001c   Code   RO         2438    i.osKernelGetTickCount  cmsis_os2.o
    0x08007af6   0x08007af6   0x00000002   PAD
    0x08007af8   0x08007af8   0x00000030   Code   RO         2440    i.osKernelInitialize  cmsis_os2.o
    0x08007b28   0x08007b28   0x00000040   Code   RO         2443    i.osKernelStart     cmsis_os2.o
    0x08007b68   0x08007b68   0x00000072   Code   RO         2463    i.osMutexAcquire    cmsis_os2.o
    0x08007bda   0x08007bda   0x000000c6   Code   RO         2466    i.osMutexNew        cmsis_os2.o
    0x08007ca0   0x08007ca0   0x0000004e   Code   RO         2467    i.osMutexRelease    cmsis_os2.o
    0x08007cee   0x08007cee   0x00000002   PAD
    0x08007cf0   0x08007cf0   0x00000070   Code   RO         2468    i.osSemaphoreAcquire  cmsis_os2.o
    0x08007d60   0x08007d60   0x000000d4   Code   RO         2471    i.osSemaphoreNew    cmsis_os2.o
    0x08007e34   0x08007e34   0x0000005c   Code   RO         2472    i.osSemaphoreRelease  cmsis_os2.o
    0x08007e90   0x08007e90   0x000000ce   Code   RO         2485    i.osThreadNew       cmsis_os2.o
    0x08007f5e   0x08007f5e   0x00000002   PAD
    0x08007f60   0x08007f60   0x000000c4   Code   RO         2494    i.osTimerNew        cmsis_os2.o
    0x08008024   0x08008024   0x0000003e   Code   RO         2495    i.osTimerStart      cmsis_os2.o
    0x08008062   0x08008062   0x00000002   PAD
    0x08008064   0x08008064   0x0000007c   Code   RO         1676    i.prvAddCurrentTaskToDelayedList  tasks.o
    0x080080e0   0x080080e0   0x000000ac   Code   RO         1677    i.prvAddNewTaskToReadyList  tasks.o
    0x0800818c   0x0800818c   0x00000078   Code   RO         2079    i.prvCheckForValidListAndQueue  timers.o
    0x08008204   0x08008204   0x00000048   Code   RO         1678    i.prvCheckTasksWaitingTermination  tasks.o
    0x0800824c   0x0800824c   0x0000002c   Code   RO         1269    i.prvCopyDataFromQueue  queue.o
    0x08008278   0x08008278   0x00000080   Code   RO         1270    i.prvCopyDataToQueue  queue.o
    0x080082f8   0x080082f8   0x00000044   Code   RO         1679    i.prvDeleteTCB      tasks.o
    0x0800833c   0x0800833c   0x00000016   Code   RO         1271    i.prvGetDisinheritPriorityAfterTimeout  queue.o
    0x08008352   0x08008352   0x00000002   PAD
    0x08008354   0x08008354   0x0000002c   Code   RO         2080    i.prvGetNextExpireTime  timers.o
    0x08008380   0x08008380   0x0000007c   Code   RO         2245    i.prvHeapInit       heap_4.o
    0x080083fc   0x080083fc   0x00000018   Code   RO         1680    i.prvIdleTask       tasks.o
    0x08008414   0x08008414   0x00000020   Code   RO         1272    i.prvInitialiseMutex  queue.o
    0x08008434   0x08008434   0x0000002c   Code   RO         1273    i.prvInitialiseNewQueue  queue.o
    0x08008460   0x08008460   0x000000d0   Code   RO         1681    i.prvInitialiseNewTask  tasks.o
    0x08008530   0x08008530   0x0000004e   Code   RO         2081    i.prvInitialiseNewTimer  timers.o
    0x0800857e   0x0800857e   0x00000002   PAD
    0x08008580   0x08008580   0x00000064   Code   RO         1682    i.prvInitialiseTaskLists  tasks.o
    0x080085e4   0x080085e4   0x00000068   Code   RO         2246    i.prvInsertBlockIntoFreeList  heap_4.o
    0x0800864c   0x0800864c   0x00000054   Code   RO         2082    i.prvInsertTimerInActiveList  timers.o
    0x080086a0   0x080086a0   0x0000001c   Code   RO         1274    i.prvIsQueueEmpty   queue.o
    0x080086bc   0x080086bc   0x0000001e   Code   RO         1275    i.prvIsQueueFull    queue.o
    0x080086da   0x080086da   0x00000002   PAD
    0x080086dc   0x080086dc   0x00000068   Code   RO         2083    i.prvProcessExpiredTimer  timers.o
    0x08008744   0x08008744   0x00000144   Code   RO         2084    i.prvProcessReceivedCommands  timers.o
    0x08008888   0x08008888   0x0000006c   Code   RO         2085    i.prvProcessTimerOrBlockTask  timers.o
    0x080088f4   0x080088f4   0x00000038   Code   RO         1684    i.prvResetNextTaskUnblockTime  tasks.o
    0x0800892c   0x0800892c   0x0000002c   Code   RO         2086    i.prvSampleTimeNow  timers.o
    0x08008958   0x08008958   0x00000094   Code   RO         2087    i.prvSwitchTimerLists  timers.o
    0x080089ec   0x080089ec   0x00000024   Code   RO         2323    i.prvTaskExitError  port.o
    0x08008a10   0x08008a10   0x0000001a   Code   RO         2088    i.prvTimerTask      timers.o
    0x08008a2a   0x08008a2a   0x0000008e   Code   RO         1276    i.prvUnlockQueue    queue.o
    0x08008ab8   0x08008ab8   0x0000012c   Code   RO         2247    i.pvPortMalloc      heap_4.o
    0x08008be4   0x08008be4   0x00000020   Code   RO         1689    i.pvTaskIncrementMutexHeldCount  tasks.o
    0x08008c04   0x08008c04   0x0000001e   Code   RO         2089    i.pvTimerGetTimerID  timers.o
    0x08008c22   0x08008c22   0x00000002   PAD
    0x08008c24   0x08008c24   0x00000020   Code   RO         2324    i.pxPortInitialiseStack  port.o
    0x08008c44   0x08008c44   0x00000024   Code   RO         7118    i.read_all_ms1022cfg_regs  ms1022_test.o
    0x08008c68   0x08008c68   0x00000048   Code   RO         7119    i.read_ms1022_freq_corr_fact  ms1022_test.o
    0x08008cb0   0x08008cb0   0x00000028   Code   RO          637    i.shellAdd          shell.o
    0x08008cd8   0x08008cd8   0x0000000e   Code   RO          638    i.shellBackspace    shell.o
    0x08008ce6   0x08008ce6   0x00000002   PAD
    0x08008ce8   0x08008ce8   0x00000044   Code   RO          639    i.shellCheckPassword  shell.o
    0x08008d2c   0x08008d2c   0x0000003e   Code   RO          640    i.shellCheckPermission  shell.o
    0x08008d6a   0x08008d6a   0x00000002   PAD
    0x08008d6c   0x08008d6c   0x0000001c   Code   RO          641    i.shellClear        shell.o
    0x08008d88   0x08008d88   0x00000028   Code   RO          642    i.shellClearCommandLine  shell.o
    0x08008db0   0x08008db0   0x00000014   Code   RO          643    i.shellCmds         shell.o
    0x08008dc4   0x08008dc4   0x00000010   Code   RO          644    i.shellDelete       shell.o
    0x08008dd4   0x08008dd4   0x000000de   Code   RO          645    i.shellDeleteByte   shell.o
    0x08008eb2   0x08008eb2   0x00000002   PAD
    0x08008eb4   0x08008eb4   0x00000028   Code   RO          646    i.shellDeleteCommandLine  shell.o
    0x08008edc   0x08008edc   0x00000010   Code   RO          647    i.shellDown         shell.o
    0x08008eec   0x08008eec   0x00000014   Code   RO          649    i.shellEnter        shell.o
    0x08008f00   0x08008f00   0x0000007c   Code   RO          650    i.shellExec         shell.o
    0x08008f7c   0x08008f7c   0x0000005a   Code   RO         1037    i.shellExtNumType   shell_ext.o
    0x08008fd6   0x08008fd6   0x00000046   Code   RO         1038    i.shellExtParseChar  shell_ext.o
    0x0800901c   0x0800901c   0x000000e6   Code   RO         1039    i.shellExtParseNumber  shell_ext.o
    0x08009102   0x08009102   0x0000005c   Code   RO         1040    i.shellExtParsePara  shell_ext.o
    0x0800915e   0x0800915e   0x0000004a   Code   RO         1041    i.shellExtParseString  shell_ext.o
    0x080091a8   0x080091a8   0x00000026   Code   RO         1042    i.shellExtParseVar  shell_ext.o
    0x080091ce   0x080091ce   0x000000ce   Code   RO         1043    i.shellExtRun       shell_ext.o
    0x0800929c   0x0800929c   0x00000036   Code   RO         1044    i.shellExtToNum     shell_ext.o
    0x080092d2   0x080092d2   0x00000030   Code   RO          651    i.shellGetCommandDesc  shell.o
    0x08009302   0x08009302   0x00000002   PAD
    0x08009304   0x08009304   0x00000050   Code   RO          652    i.shellGetCommandName  shell.o
    0x08009354   0x08009354   0x00000034   Code   RO          653    i.shellGetCurrent   shell.o
    0x08009388   0x08009388   0x00000056   Code   RO          654    i.shellGetVarValue  shell.o
    0x080093de   0x080093de   0x00000002   PAD
    0x080093e0   0x080093e0   0x00000100   Code   RO          655    i.shellHandler      shell.o
    0x080094e0   0x080094e0   0x0000002e   Code   RO          656    i.shellHelp         shell.o
    0x0800950e   0x0800950e   0x000000c0   Code   RO          657    i.shellHistory      shell.o
    0x080095ce   0x080095ce   0x00000080   Code   RO          658    i.shellHistoryAdd   shell.o
    0x0800964e   0x0800964e   0x00000002   PAD
    0x08009650   0x08009650   0x000000a4   Code   RO          659    i.shellInit         shell.o
    0x080096f4   0x080096f4   0x000000e0   Code   RO          660    i.shellInsertByte   shell.o
    0x080097d4   0x080097d4   0x00000014   Code   RO          661    i.shellKeys         shell.o
    0x080097e8   0x080097e8   0x0000001a   Code   RO          662    i.shellLeft         shell.o
    0x08009802   0x08009802   0x0000000c   Code   RO          663    i.shellListAll      shell.o
    0x0800980e   0x0800980e   0x00000002   PAD
    0x08009810   0x08009810   0x0000004c   Code   RO          664    i.shellListCommand  shell.o
    0x0800985c   0x0800985c   0x000000f8   Code   RO          665    i.shellListItem     shell.o
    0x08009954   0x08009954   0x0000005c   Code   RO          666    i.shellListKey      shell.o
    0x080099b0   0x080099b0   0x0000005c   Code   RO          667    i.shellListUser     shell.o
    0x08009a0c   0x08009a0c   0x0000005c   Code   RO          668    i.shellListVar      shell.o
    0x08009a68   0x08009a68   0x0000001c   Code   RO          669    i.shellNormalInput  shell.o
    0x08009a84   0x08009a84   0x00000096   Code   RO          670    i.shellParserParam  shell.o
    0x08009b1a   0x08009b1a   0x00000068   Code   RO          672    i.shellRemoveParamQuotes  shell.o
    0x08009b82   0x08009b82   0x0000001e   Code   RO          673    i.shellRight        shell.o
    0x08009ba0   0x08009ba0   0x000000b4   Code   RO          675    i.shellRunCommand   shell.o
    0x08009c54   0x08009c54   0x00000082   Code   RO          676    i.shellSeekCommand  shell.o
    0x08009cd6   0x08009cd6   0x00000002   PAD
    0x08009cd8   0x08009cd8   0x00000068   Code   RO          677    i.shellSetUser      shell.o
    0x08009d40   0x08009d40   0x0000006c   Code   RO          678    i.shellSetVar       shell.o
    0x08009dac   0x08009dac   0x00000098   Code   RO          679    i.shellSetVarValue  shell.o
    0x08009e44   0x08009e44   0x000000c0   Code   RO          680    i.shellShowVar      shell.o
    0x08009f04   0x08009f04   0x0000002e   Code   RO          681    i.shellStringCompare  shell.o
    0x08009f32   0x08009f32   0x00000018   Code   RO          682    i.shellStringCopy   shell.o
    0x08009f4a   0x08009f4a   0x00000002   PAD
    0x08009f4c   0x08009f4c   0x00000124   Code   RO          683    i.shellTab          shell.o
    0x0800a070   0x0800a070   0x0000005a   Code   RO          685    i.shellToDec        shell.o
    0x0800a0ca   0x0800a0ca   0x00000002   PAD
    0x0800a0cc   0x0800a0cc   0x00000024   Code   RO          686    i.shellToHex        shell.o
    0x0800a0f0   0x0800a0f0   0x0000000e   Code   RO          687    i.shellUp           shell.o
    0x0800a0fe   0x0800a0fe   0x00000014   Code   RO          688    i.shellUsers        shell.o
    0x0800a112   0x0800a112   0x00000014   Code   RO          689    i.shellVars         shell.o
    0x0800a126   0x0800a126   0x0000000e   Code   RO          690    i.shellWriteByte    shell.o
    0x0800a134   0x0800a134   0x0000005c   Code   RO          691    i.shellWriteCommandDesc  shell.o
    0x0800a190   0x0800a190   0x00000068   Code   RO          692    i.shellWriteCommandHelp  shell.o
    0x0800a1f8   0x0800a1f8   0x00000070   Code   RO          694    i.shellWritePrompt  shell.o
    0x0800a268   0x0800a268   0x00000070   Code   RO          695    i.shellWriteReturnValue  shell.o
    0x0800a2d8   0x0800a2d8   0x00000022   Code   RO          696    i.shellWriteString  shell.o
    0x0800a2fa   0x0800a2fa   0x00000002   PAD
    0x0800a2fc   0x0800a2fc   0x0000002c   Code   RO         6920    i.shell_poll        shell_export.o
    0x0800a328   0x0800a328   0x0000005c   Code   RO         6921    i.shell_uart_init   shell_export.o
    0x0800a384   0x0800a384   0x00000178   Code   RO         6639    i.spi_bus_export    drv_spi_bus.o
    0x0800a4fc   0x0800a4fc   0x00000030   Code   RO         7027    i.spi_device_export  spi_export.o
    0x0800a52c   0x0800a52c   0x0000008c   Code   RO         7120    i.test_ms1022_com   ms1022_test.o
    0x0800a5b8   0x0800a5b8   0x00000028   Code   RO          359    i.uart_null_init    elab_device_null.o
    0x0800a5e0   0x0800a5e0   0x00000028   Code   RO         1232    i.uxListRemove      list.o
    0x0800a608   0x0800a608   0x00000018   Code   RO         2497    i.vApplicationGetIdleTaskMemory  cmsis_os2.o
    0x0800a620   0x0800a620   0x00000018   Code   RO         2498    i.vApplicationGetTimerTaskMemory  cmsis_os2.o
    0x0800a638   0x0800a638   0x00000006   Code   RO         2499    i.vApplicationStackOverflowHook  cmsis_os2.o
    0x0800a63e   0x0800a63e   0x0000001a   Code   RO         1233    i.vListInitialise   list.o
    0x0800a658   0x0800a658   0x00000006   Code   RO         1234    i.vListInitialiseItem  list.o
    0x0800a65e   0x0800a65e   0x00000036   Code   RO         1235    i.vListInsert       list.o
    0x0800a694   0x0800a694   0x00000018   Code   RO         1236    i.vListInsertEnd    list.o
    0x0800a6ac   0x0800a6ac   0x0000001c   Code   RO         2326    i.vPortEnterCritical  port.o
    0x0800a6c8   0x0800a6c8   0x00000028   Code   RO         2327    i.vPortExitCritical  port.o
    0x0800a6f0   0x0800a6f0   0x00000090   Code   RO         2248    i.vPortFree         heap_4.o
    0x0800a780   0x0800a780   0x0000002c   Code   RO         2328    i.vPortSetupTimerInterrupt  port.o
    0x0800a7ac   0x0800a7ac   0x00000018   Code   RO         2329    i.vPortYield        port.o
    0x0800a7c4   0x0800a7c4   0x0000002c   Code   RO         1282    i.vQueueAddToRegistry  queue.o
    0x0800a7f0   0x0800a7f0   0x00000026   Code   RO         1283    i.vQueueDelete      queue.o
    0x0800a816   0x0800a816   0x00000002   PAD
    0x0800a818   0x0800a818   0x00000034   Code   RO         1285    i.vQueueUnregisterQueue  queue.o
    0x0800a84c   0x0800a84c   0x0000004c   Code   RO         1286    i.vQueueWaitForMessageRestricted  queue.o
    0x0800a898   0x0800a898   0x00000044   Code   RO         1699    i.vTaskDelay        tasks.o
    0x0800a8dc   0x0800a8dc   0x00000018   Code   RO         1704    i.vTaskInternalSetTimeOutState  tasks.o
    0x0800a8f4   0x0800a8f4   0x0000000c   Code   RO         1706    i.vTaskMissedYield  tasks.o
    0x0800a900   0x0800a900   0x0000002c   Code   RO         1708    i.vTaskPlaceOnEventList  tasks.o
    0x0800a92c   0x0800a92c   0x00000034   Code   RO         1709    i.vTaskPlaceOnEventListRestricted  tasks.o
    0x0800a960   0x0800a960   0x000000b0   Code   RO         1711    i.vTaskPriorityDisinheritAfterTimeout  tasks.o
    0x0800aa10   0x0800aa10   0x000000a0   Code   RO         1718    i.vTaskStartScheduler  tasks.o
    0x0800aab0   0x0800aab0   0x00000010   Code   RO         1720    i.vTaskSuspendAll   tasks.o
    0x0800aac0   0x0800aac0   0x000000b4   Code   RO         1721    i.vTaskSwitchContext  tasks.o
    0x0800ab74   0x0800ab74   0x00000038   Code   RO         2330    i.xPortStartScheduler  port.o
    0x0800abac   0x0800abac   0x00000024   Code   RO         2331    i.xPortSysTickHandler  port.o
    0x0800abd0   0x0800abd0   0x00000044   Code   RO         1287    i.xQueueCreateCountingSemaphore  queue.o
    0x0800ac14   0x0800ac14   0x0000004c   Code   RO         1288    i.xQueueCreateCountingSemaphoreStatic  queue.o
    0x0800ac60   0x0800ac60   0x0000001e   Code   RO         1289    i.xQueueCreateMutex  queue.o
    0x0800ac7e   0x0800ac7e   0x00000026   Code   RO         1290    i.xQueueCreateMutexStatic  queue.o
    0x0800aca4   0x0800aca4   0x00000052   Code   RO         1291    i.xQueueGenericCreate  queue.o
    0x0800acf6   0x0800acf6   0x000000a0   Code   RO         1292    i.xQueueGenericCreateStatic  queue.o
    0x0800ad96   0x0800ad96   0x00000082   Code   RO         1293    i.xQueueGenericReset  queue.o
    0x0800ae18   0x0800ae18   0x0000015a   Code   RO         1294    i.xQueueGenericSend  queue.o
    0x0800af72   0x0800af72   0x000000c0   Code   RO         1295    i.xQueueGenericSendFromISR  queue.o
    0x0800b032   0x0800b032   0x000000aa   Code   RO         1298    i.xQueueGiveFromISR  queue.o
    0x0800b0dc   0x0800b0dc   0x0000003c   Code   RO         1299    i.xQueueGiveMutexRecursive  queue.o
    0x0800b118   0x0800b118   0x00000138   Code   RO         1304    i.xQueueReceive     queue.o
    0x0800b250   0x0800b250   0x0000009e   Code   RO         1305    i.xQueueReceiveFromISR  queue.o
    0x0800b2ee   0x0800b2ee   0x0000017e   Code   RO         1306    i.xQueueSemaphoreTake  queue.o
    0x0800b46c   0x0800b46c   0x0000003e   Code   RO         1307    i.xQueueTakeMutexRecursive  queue.o
    0x0800b4aa   0x0800b4aa   0x00000002   PAD
    0x0800b4ac   0x0800b4ac   0x00000074   Code   RO         1723    i.xTaskCheckForTimeOut  tasks.o
    0x0800b520   0x0800b520   0x00000062   Code   RO         1724    i.xTaskCreate       tasks.o
    0x0800b582   0x0800b582   0x00000088   Code   RO         1725    i.xTaskCreateStatic  tasks.o
    0x0800b60a   0x0800b60a   0x00000002   PAD
    0x0800b60c   0x0800b60c   0x0000000c   Code   RO         1728    i.xTaskGetCurrentTaskHandle  tasks.o
    0x0800b618   0x0800b618   0x00000024   Code   RO         1729    i.xTaskGetSchedulerState  tasks.o
    0x0800b63c   0x0800b63c   0x0000000c   Code   RO         1730    i.xTaskGetTickCount  tasks.o
    0x0800b648   0x0800b648   0x0000000c   Code   RO         1731    i.xTaskGetTickCountFromISR  tasks.o
    0x0800b654   0x0800b654   0x0000013c   Code   RO         1732    i.xTaskIncrementTick  tasks.o
    0x0800b790   0x0800b790   0x00000088   Code   RO         1735    i.xTaskPriorityDisinherit  tasks.o
    0x0800b818   0x0800b818   0x000000a4   Code   RO         1736    i.xTaskPriorityInherit  tasks.o
    0x0800b8bc   0x0800b8bc   0x00000088   Code   RO         1737    i.xTaskRemoveFromEventList  tasks.o
    0x0800b944   0x0800b944   0x000000f0   Code   RO         1738    i.xTaskResumeAll    tasks.o
    0x0800ba34   0x0800ba34   0x00000032   Code   RO         2095    i.xTimerCreate      timers.o
    0x0800ba66   0x0800ba66   0x00000054   Code   RO         2096    i.xTimerCreateStatic  timers.o
    0x0800baba   0x0800baba   0x00000002   PAD
    0x0800babc   0x0800babc   0x00000070   Code   RO         2097    i.xTimerCreateTimerTask  timers.o
    0x0800bb2c   0x0800bb2c   0x00000074   Code   RO         2098    i.xTimerGenericCommand  timers.o
    0x0800bba0   0x0800bba0   0x00000024   Data   RO          127    .constdata          elab_export.o
    0x0800bbc4   0x0800bbc4   0x00000029   Data   RO          185    .constdata          elab_log.o
    0x0800bbed   0x0800bbed   0x00000003   PAD
    0x0800bbf0   0x0800bbf0   0x00000010   Data   RO          235    .constdata          elab_device.o
    0x0800bc00   0x0800bc00   0x00000014   Data   RO          360    .constdata          elab_device_null.o
    0x0800bc14   0x0800bc14   0x00000008   Data   RO          395    .constdata          elab_pin.o
    0x0800bc1c   0x0800bc1c   0x00000034   Data   RO          452    .constdata          elab_spi.o
    0x0800bc50   0x0800bc50   0x0000002c   Data   RO          515    .constdata          elab_led.o
    0x0800bc7c   0x0800bc7c   0x000000e9   Data   RO          698    .constdata          shell.o
    0x0800bd65   0x0800bd65   0x00000003   PAD
    0x0800bd68   0x0800bd68   0x00000068   Data   RO         3127    .constdata          system_stm32g0xx.o
    0x0800bdd0   0x0800bdd0   0x00000020   Data   RO         5299    .constdata          stm32g0xx_hal_uart.o
    0x0800bdf0   0x0800bdf0   0x00000018   Data   RO         6526    .constdata          drv_pin_mcu.o
    0x0800be08   0x0800be08   0x0000002c   Data   RO         6739    .constdata          elab_ms1022.o
    0x0800be34   0x0800be34   0x0000001c   Data   RO         6838    .constdata          elab_74hc4052d.o
    0x0800be50   0x0800be50   0x0000002c   Data   RO         6876    .constdata          elab_anemometer.o
    0x0800be7c   0x0800be7c   0x00000008   Data   RO         7029    .constdata          spi_export.o
    0x0800be84   0x0800be84   0x00000045   Data   RO         7089    .constdata          system_test.o
    0x0800bec9   0x0800bec9   0x000000a2   Data   RO         7121    .constdata          ms1022_test.o
    0x0800bf6b   0x0800bf6b   0x00000081   Data   RO         7558    .constdata          mc_p.l(ctype_o.o)
    0x0800bfec   0x0800bfec   0x00000004   Data   RO         7559    .constdata          mc_p.l(ctype_o.o)
    0x0800bff0   0x0800bff0   0x0000001b   Data   RO          128    .conststring        elab_export.o
    0x0800c00b   0x0800c00b   0x00000001   PAD
    0x0800c00c   0x0800c00c   0x00000034   Data   RO          186    .conststring        elab_log.o
    0x0800c040   0x0800c040   0x00000016   Data   RO          236    .conststring        elab_device.o
    0x0800c056   0x0800c056   0x00000002   PAD
    0x0800c058   0x0800c058   0x00000008   Data   RO          396    .conststring        elab_pin.o
    0x0800c060   0x0800c060   0x00000016   Data   RO          453    .conststring        elab_spi.o
    0x0800c076   0x0800c076   0x00000002   PAD
    0x0800c078   0x0800c078   0x00000012   Data   RO          516    .conststring        elab_led.o
    0x0800c08a   0x0800c08a   0x00000002   PAD
    0x0800c08c   0x0800c08c   0x000001c4   Data   RO          699    .conststring        shell.o
    0x0800c250   0x0800c250   0x0000000a   Data   RO         6527    .conststring        drv_pin_mcu.o
    0x0800c25a   0x0800c25a   0x00000002   PAD
    0x0800c25c   0x0800c25c   0x0000000d   Data   RO         6642    .conststring        drv_spi_bus.o
    0x0800c269   0x0800c269   0x00000003   PAD
    0x0800c26c   0x0800c26c   0x00000019   Data   RO         6740    .conststring        elab_ms1022.o
    0x0800c285   0x0800c285   0x00000003   PAD
    0x0800c288   0x0800c288   0x0000000e   Data   RO         6839    .conststring        elab_74hc4052d.o
    0x0800c296   0x0800c296   0x00000002   PAD
    0x0800c298   0x0800c298   0x00000023   Data   RO         6877    .conststring        elab_anemometer.o
    0x0800c2bb   0x0800c2bb   0x00000001   PAD
    0x0800c2bc   0x0800c2bc   0x0000000c   Data   RO         6923    .conststring        shell_export.o
    0x0800c2c8   0x0800c2c8   0x000000bc   Data   RO         7090    .conststring        system_test.o
    0x0800c384   0x0800c384   0x0000000c   Data   RO         7122    .conststring        ms1022_test.o
    0x0800c390   0x0800c390   0x00000019   Data   RO          129    .conststrlit        elab_export.o
    0x0800c3a9   0x0800c3a9   0x00000003   PAD
    0x0800c3ac   0x0800c3ac   0x0000000f   Data   RO          361    .conststrlit        elab_device_null.o
    0x0800c3bb   0x0800c3bb   0x00000001   PAD
    0x0800c3bc   0x0800c3bc   0x0000000f   Data   RO         6643    .conststrlit        drv_spi_bus.o
    0x0800c3cb   0x0800c3cb   0x00000001   PAD
    0x0800c3cc   0x0800c3cc   0x00000015   Data   RO         6924    .conststrlit        shell_export.o
    0x0800c3e1   0x0800c3e1   0x00000003   PAD
    0x0800c3e4   0x0800c3e4   0x0000000b   Data   RO         6953    .conststrlit        led_export.o
    0x0800c3ef   0x0800c3ef   0x00000001   PAD
    0x0800c3f0   0x0800c3f0   0x0000002c   Data   RO         6992    .conststrlit        pin_export.o
    0x0800c41c   0x0800c41c   0x0000003a   Data   RO         7030    .conststrlit        spi_export.o
    0x0800c456   0x0800c456   0x00000002   PAD
    0x0800c458   0x0800c458   0x00000020   Data   RO         7589    Region$$Table       anon$$obj.o
    0x0800c478   0x0800c478   0x0000001c   Data   RO          131    elab_export         elab_export.o
    0x0800c494   0x0800c494   0x0000001c   Data   RO          363    elab_export         elab_device_null.o
    0x0800c4b0   0x0800c4b0   0x0000001c   Data   RO         6645    elab_export         drv_spi_bus.o
    0x0800c4cc   0x0800c4cc   0x0000001c   Data   RO         6926    elab_export         shell_export.o
    0x0800c4e8   0x0800c4e8   0x0000001c   Data   RO         6955    elab_export         led_export.o
    0x0800c504   0x0800c504   0x00000038   Data   RO         6993    elab_export         pin_export.o
    0x0800c53c   0x0800c53c   0x00000054   Data   RO         7031    elab_export         spi_export.o
    0x0800c590   0x0800c590   0x0000001c   Data   RO          132    expoll              elab_export.o
    0x0800c5ac   0x0800c5ac   0x0000001c   Data   RO         6927    expoll              shell_export.o
    0x0800c5c8   0x0800c5c8   0x000004c0   Data   RO          701    shellCommand        shell.o
    0x0800ca88   0x0800ca88   0x00000080   Data   RO         7092    shellCommand        system_test.o
    0x0800cb08   0x0800cb08   0x00000100   Data   RO         7124    shellCommand        ms1022_test.o


    Execution Region RW_IRAM1 (Exec base: 0x20000000, Load base: 0x0800cc08, Size: 0x000041e0, Max: 0x00009000, ABSOLUTE, COMPRESSED[0x000000a8])

    Exec Addr    Load Addr    Size         Type   Attr      Idx    E Section Name        Object

    0x20000000   COMPRESSED   0x00000019   Data   RW          130    .data               elab_export.o
    0x20000019   COMPRESSED   0x00000003   PAD
    0x2000001c   COMPRESSED   0x00000008   Data   RW          187    .data               elab_log.o
    0x20000024   COMPRESSED   0x0000000c   Data   RW          237    .data               elab_device.o
    0x20000030   COMPRESSED   0x00000024   Data   RW          362    .data               elab_device_null.o
    0x20000054   COMPRESSED   0x00000004   Data   RW          397    .data               elab_pin.o
    0x20000058   COMPRESSED   0x00000004   Data   RW          454    .data               elab_spi.o
    0x2000005c   COMPRESSED   0x00000004   Data   RW          517    .data               elab_led.o
    0x20000060   COMPRESSED   0x00000060   Data   RW          700    .data               shell.o
    0x200000c0   COMPRESSED   0x0000003c   Data   RW         1741    .data               tasks.o
    0x200000fc   COMPRESSED   0x00000014   Data   RW         2106    .data               timers.o
    0x20000110   COMPRESSED   0x00000020   Data   RW         2254    .data               heap_4.o
    0x20000130   COMPRESSED   0x00000004   Data   RW         2332    .data               port.o
    0x20000134   COMPRESSED   0x00000004   Data   RW         2502    .data               cmsis_os2.o
    0x20000138   COMPRESSED   0x00000004   Data   RW         3128    .data               system_stm32g0xx.o
    0x2000013c   COMPRESSED   0x00000009   Data   RW         3187    .data               stm32g0xx_hal.o
    0x20000145   COMPRESSED   0x00000001   Data   RW         6455    .data               elab_uart_debug.o
    0x20000146   COMPRESSED   0x00000002   PAD
    0x20000148   COMPRESSED   0x00000004   Data   RW         6528    .data               drv_pin_mcu.o
    0x2000014c   COMPRESSED   0x00000018   Data   RW         6597    .data               drv_util.o
    0x20000164   COMPRESSED   0x0000000c   Data   RW         6644    .data               drv_spi_bus.o
    0x20000170   COMPRESSED   0x00000004   Data   RW         6741    .data               elab_ms1022.o
    0x20000174   COMPRESSED   0x00000004   Data   RW         6840    .data               elab_74hc4052d.o
    0x20000178   COMPRESSED   0x00000004   Data   RW         6878    .data               elab_anemometer.o
    0x2000017c   COMPRESSED   0x00000008   Data   RW         6925    .data               shell_export.o
    0x20000184   COMPRESSED   0x00000004   Data   RW         7091    .data               system_test.o
    0x20000188   COMPRESSED   0x0000000c   Data   RW         7123    .data               ms1022_test.o
    0x20000194   COMPRESSED   0x00000004   Data   RW         7524    .data               mc_p.l(stdout.o)
    0x20000198   COMPRESSED   0x00000004   Data   RW         7536    .data               mc_p.l(errno.o)
    0x2000019c        -       0x00000100   Zero   RW          184    .bss                elab_log.o
    0x2000029c        -       0x00000100   Zero   RW          234    .bss                elab_device.o
    0x2000039c        -       0x0000001d   Zero   RW          697    .bss                shell.o
    0x200003b9   COMPRESSED   0x00000003   PAD
    0x200003bc        -       0x00000040   Zero   RW         1308    .bss                queue.o
    0x200003fc        -       0x000004c4   Zero   RW         1740    .bss                tasks.o
    0x200008c0        -       0x00000118   Zero   RW         2105    .bss                timers.o
    0x200009d8        -       0x00002000   Zero   RW         2253    .bss                heap_4.o
    0x200029d8        -       0x000006c8   Zero   RW         2500    .bss                cmsis_os2.o
    0x200030a0        -       0x000004b8   Zero   RW         6453    .bss                elab_uart_debug.o
    0x20003558        -       0x00000150   Zero   RW         6640    .bss                drv_spi_bus.o
    0x200036a8        -       0x00000474   Zero   RW         6922    .bss                shell_export.o
    0x20003b1c        -       0x00000034   Zero   RW         6951    .bss                led_export.o
    0x20003b50        -       0x000001c0   Zero   RW         6990    .bss                pin_export.o
    0x20003d10        -       0x000000cc   Zero   RW         7028    .bss                spi_export.o
    0x20003ddc   COMPRESSED   0x00000004   PAD
    0x20003de0        -       0x00000400   Zero   RW         3116    STACK               startup_stm32g070xx.o


==============================================================================

Image component sizes


      Code (inc. data)   RO Data    RW Data    ZI Data      Debug   Object Name

       128          0          0          0          0       5111   bsp.o
      1672         60          0          4       1736     422306   cmsis_os2.o
         0          0          0          0          0       9588   croutine.o
       612        126         34          4          0      15007   drv_pin_mcu.o
       616         90         56         12        336      11984   drv_spi_bus.o
       366         26          0         24          0       3052   drv_util.o
       768        276         42          4          0       3512   elab_74hc4052d.o
      1158        356         79          4          0       6343   elab_anemometer.o
       148         90          0          0          0      10661   elab_assert.o
         8          0          0          0          0       1999   elab_common.o
       822        216         38         12        256      11606   elab_device.o
        62         20         63         36          0       4890   elab_device_null.o
       718        104        144         25          0       7193   elab_export.o
       800        194         62          4          0      11090   elab_led.o
       206         56         93          8        256       4279   elab_log.o
      2932        522         69          4          0      19541   elab_ms1022.o
       540        138         16          4          0      11804   elab_pin.o
      1280        378         74          4          0       5972   elab_spi.o
       528         90          0          1       1208       5927   elab_uart_debug.o
       296          0          0          0          0       5043   elib_queue.o
         0          0          0          0          0       9024   event_groups.o
       672         72          0         32       8192       5511   heap_4.o
        48         18         39          0         52       9346   led_export.o
       150          0          0          0          0       3262   list.o
        14          0          0          0          0        447   main.o
       320        142        430         12          0       9852   ms1022_test.o
       580        370        100          0        448       3394   pin_export.o
       418         58          0          4          0      12475   port.o
      2946         10          0          0         64      27184   queue.o
      4862        238       1901         96         29      47628   shell.o
         0          0          0          0          0       1304   shell_cmd_list.o
       136         52         89          8       1140       7607   shell_export.o
       854         10          0          0          0       6346   shell_ext.o
       208        140        150          0        204      11367   spi_export.o
        28          8        180          0       1024        684   startup_stm32g070xx.o
       154         24          0          9          0      15969   stm32g0xx_hal.o
       290         32          0          0          0      13019   stm32g0xx_hal_cortex.o
      1152         40          0          0          0       6250   stm32g0xx_hal_dma.o
       502         18          0          0          0       2751   stm32g0xx_hal_gpio.o
        88         12          0          0          0        778   stm32g0xx_hal_pwr_ex.o
      2512        112          0          0          0      22397   stm32g0xx_hal_rcc.o
      2838         56          0          0          0      15785   stm32g0xx_hal_spi.o
      5550        122         32          0          0      44391   stm32g0xx_hal_uart.o
         6          0          0          0          0       2245   stm32g0xx_hal_uart_ex.o
         8          0          0          0          0        954   stm32g0xx_it.o
         2          0        104          4          0       1267   system_stm32g0xx.o
       284        124        385          4          0       2248   system_test.o
      3002        376          0         60       1220      28258   tasks.o
      1472        120          0         20        280      18487   timers.o

    ----------------------------------------------------------------------
     42832       4896       4247        404      16452     907138   Object Totals
         0          0         32          0          0          0   (incl. Generated)
        76          0         35          5          7          0   (incl. Padding)

    ----------------------------------------------------------------------

      Code (inc. data)   RO Data    RW Data    ZI Data      Debug   Library Member Name

        86          0          0          0          0          0   __dczerorl2.o
        30          0          0          0          0         60   _chval.o
       166          0          0          0          0         84   _strtoul.o
        26          0          0          0          0         72   atoi.o
         8          4        133          0          0         60   ctype_o.o
         0          0          0          0          0          0   entry.o
         0          0          0          0          0          0   entry10a.o
         0          0          0          0          0          0   entry11a.o
         4          0          0          0          0          0   entry12b.o
         8          4          0          0          0          0   entry2.o
         4          0          0          0          0          0   entry5.o
         0          0          0          0          0          0   entry7b.o
         0          0          0          0          0          0   entry8b.o
         8          4          0          0          0          0   entry9a.o
         8          4          0          4          0         60   errno.o
        30          0          0          0          0          0   handlers.o
        40          0          0          0          0         72   idiv.o
        36          8          0          0          0         68   init.o
         0          0          0          0          0          0   iusefp.o
        32          0          0          0          0         68   llshl.o
        38          0          0          0          0         68   llsshr.o
        34          0          0          0          0         68   llushr.o
        26          0          0          0          0         72   memcmp.o
        36          0          0          0          0         60   memcpya.o
        36          0          0          0          0        100   memseta.o
      2376        106          0          0          0        688   printfa.o
         0          0          0          4          0          0   stdout.o
        28          0          0          0          0         68   strcmp.o
        14          0          0          0          0         60   strlen.o
        30          0          0          0          0         72   strncmp.o
       112          4          0          0          0         76   strtol.o
        44          0          0          0          0         72   uidiv.o
        96          0          0          0          0         84   uldiv.o
        40          2          0          0          0         68   cdrcmple.o
        56          0          0          0          0         68   d2f.o
       360          6          0          0          0        140   dadd.o
       240          6          0          0          0         84   ddiv.o
       236          0          0          0          0        216   depilogue.o
        64         10          0          0          0         68   dfixul.o
       208          6          0          0          0         88   dmul.o
        40          0          0          0          0         60   f2d.o
       124          0          0          0          0         72   fdiv.o
       130          0          0          0          0        144   fepilogue.o
        22          0          0          0          0         68   fflti.o
        14          0          0          0          0         68   ffltui.o
       122          0          0          0          0         72   fmul.o

    ----------------------------------------------------------------------
      5020        164        133          8          0       3248   Library Totals
         8          0          0          0          0          0   (incl. Padding)

    ----------------------------------------------------------------------

      Code (inc. data)   RO Data    RW Data    ZI Data      Debug   Library Name

      3356        134        133          8          0       2032   mc_p.l
      1656         30          0          0          0       1216   mf_p.l

    ----------------------------------------------------------------------
      5020        164        133          8          0       3248   Library Totals

    ----------------------------------------------------------------------

==============================================================================


      Code (inc. data)   RO Data    RW Data    ZI Data      Debug   

     47852       5060       4380        412      16452     893258   Grand Totals
     47852       5060       4380        168      16452     893258   ELF Image Totals (compressed)
     47852       5060       4380        168          0          0   ROM Totals

==============================================================================

    Total RO  Size (Code + RO Data)                52232 (  51.01kB)
    Total RW  Size (RW Data + ZI Data)             16864 (  16.47kB)
    Total ROM Size (Code + RO Data + RW Data)      52400 (  51.17kB)

==============================================================================

